This is XeTeX, Version 3.141592653-2.6-0.999997 (MiKTeX 25.3) (preloaded format=xelatex 2025.9.21)  7 OCT 2025 10:57
entering extended mode
 restricted \write18 enabled.
 %&-line parsing enabled.
**./template-stb-report-eng.tex
(template-stb-report-eng.tex
LaTeX2e <2024-11-01> patch level 2
L3 programming layer <2025-01-18>
(C:\Users\luker\AppData\Local\Programs\MiKTeX\tex/latex/base\book.cls
Document Class: book 2024/06/29 v1.4n Standard LaTeX document class
(C:\Users\luker\AppData\Local\Programs\MiKTeX\tex/latex/base\bk12.clo
File: bk12.clo 2024/06/29 v1.4n Standard LaTeX file (size option)
)
\c@part=\count192
\c@chapter=\count193
\c@section=\count194
\c@subsection=\count195
\c@subsubsection=\count196
\c@paragraph=\count197
\c@subparagraph=\count198
\c@figure=\count199
\c@table=\count266
\abovecaptionskip=\skip49
\belowcaptionskip=\skip50
\bibindent=\dimen141
)
(C:\Users\luker\AppData\Local\Programs\MiKTeX\tex/latex/stellenbosch-2\stb-titl
epage.sty
Package: stb-titlepage 2023/07/22 v1.1 Stellenbosch Title Page Package (DNJ ELS
)

(C:\Users\luker\AppData\Local\Programs\MiKTeX\tex/latex/etoolbox\etoolbox.sty
Package: etoolbox 2025/02/11 v2.5l e-TeX tools for LaTeX (JAW)
\etb@tempcnta=\count267
)
(C:\Users\luker\AppData\Local\Programs\MiKTeX\tex/latex/base\ifthen.sty
Package: ifthen 2024/03/16 v1.1e Standard LaTeX ifthen package (DPC)
)
(C:\Users\luker\AppData\Local\Programs\MiKTeX\tex/latex/kvoptions\kvoptions.sty
Package: kvoptions 2022-06-15 v3.15 Key value format for package options (HO)
(C:\Users\luker\AppData\Local\Programs\MiKTeX\tex/latex/graphics\keyval.sty
Package: keyval 2022/05/29 v1.15 key=value parser (DPC)
\KV@toks@=\toks17
)
(C:\Users\luker\AppData\Local\Programs\MiKTeX\tex/generic/ltxcmds\ltxcmds.sty
Package: ltxcmds 2023-12-04 v1.26 LaTeX kernel commands for general use (HO)
)
(C:\Users\luker\AppData\Local\Programs\MiKTeX\tex/latex/kvsetkeys\kvsetkeys.sty
Package: kvsetkeys 2022-10-05 v1.19 Key value parser (HO)
))
(C:\Users\luker\AppData\Local\Programs\MiKTeX\tex/latex/geometry\geometry.sty
Package: geometry 2020/01/02 v5.9 Page Geometry

(C:\Users\luker\AppData\Local\Programs\MiKTeX\tex/generic/iftex\ifvtex.sty
Package: ifvtex 2019/10/25 v1.7 ifvtex legacy package. Use iftex instead.

(C:\Users\luker\AppData\Local\Programs\MiKTeX\tex/generic/iftex\iftex.sty
Package: iftex 2024/12/12 v1.0g TeX engine tests
))
\Gm@cnth=\count268
\Gm@cntv=\count269
\c@Gm@tempcnt=\count270
\Gm@bindingoffset=\dimen142
\Gm@wd@mp=\dimen143
\Gm@odd@mp=\dimen144
\Gm@even@mp=\dimen145
\Gm@layoutwidth=\dimen146
\Gm@layoutheight=\dimen147
\Gm@layouthoffset=\dimen148
\Gm@layoutvoffset=\dimen149
\Gm@dimlist=\toks18

(C:\Users\luker\AppData\Local\Programs\MiKTeX\tex/latex/geometry\geometry.cfg))
\STB@xpos=\skip51
\STB@ypos=\skip52
\STB@logobox=\box52
Package stb-titlepage Info: Golden ratio type block on input line 206.
) (C:\Users\luker\AppData\Local\Programs\MiKTeX\tex/latex/hyperref\hyperref.sty
Package: hyperref 2024-11-05 v7.01l Hypertext links for LaTeX

(C:\Users\luker\AppData\Local\Programs\MiKTeX\tex/generic/kvdefinekeys\kvdefine
keys.sty
Package: kvdefinekeys 2019-12-19 v1.6 Define keys (HO)
)
(C:\Users\luker\AppData\Local\Programs\MiKTeX\tex/generic/pdfescape\pdfescape.s
ty
Package: pdfescape 2019/12/09 v1.15 Implements pdfTeX's escape features (HO)

(C:\Users\luker\AppData\Local\Programs\MiKTeX\tex/generic/pdftexcmds\pdftexcmds
.sty
Package: pdftexcmds 2020-06-27 v0.33 Utility functions of pdfTeX for LuaTeX (HO
)

(C:\Users\luker\AppData\Local\Programs\MiKTeX\tex/generic/infwarerr\infwarerr.s
ty
Package: infwarerr 2019/12/03 v1.5 Providing info/warning/error messages (HO)
)
Package pdftexcmds Info: \pdf@primitive is available.
Package pdftexcmds Info: \pdf@ifprimitive is available.
Package pdftexcmds Info: \pdfdraftmode not found.
))
(C:\Users\luker\AppData\Local\Programs\MiKTeX\tex/latex/hycolor\hycolor.sty
Package: hycolor 2020-01-27 v1.10 Color options for hyperref/bookmark (HO)
)
(C:\Users\luker\AppData\Local\Programs\MiKTeX\tex/latex/hyperref\nameref.sty
Package: nameref 2023-11-26 v2.56 Cross-referencing by name of section

(C:\Users\luker\AppData\Local\Programs\MiKTeX\tex/latex/refcount\refcount.sty
Package: refcount 2019/12/15 v3.6 Data extraction from label references (HO)
)
(C:\Users\luker\AppData\Local\Programs\MiKTeX\tex/generic/gettitlestring\gettit
lestring.sty
Package: gettitlestring 2019/12/15 v1.6 Cleanup title references (HO)
)
\c@section@level=\count271
)
(C:\Users\luker\AppData\Local\Programs\MiKTeX\tex/generic/stringenc\stringenc.s
ty
Package: stringenc 2019/11/29 v1.12 Convert strings between diff. encodings (HO
)
)
\@linkdim=\dimen150
\Hy@linkcounter=\count272
\Hy@pagecounter=\count273
 (C:\Users\luker\AppData\Local\Programs\MiKTeX\tex/latex/hyperref\pd1enc.def
File: pd1enc.def 2024-11-05 v7.01l Hyperref: PDFDocEncoding definition (HO)
) (C:\Users\luker\AppData\Local\Programs\MiKTeX\tex/generic/intcalc\intcalc.sty
Package: intcalc 2019/12/15 v1.3 Expandable calculations with integers (HO)
)
\Hy@SavedSpaceFactor=\count274
 (C:\Users\luker\AppData\Local\Programs\MiKTeX\tex/latex/hyperref\puenc.def
File: puenc.def 2024-11-05 v7.01l Hyperref: PDF Unicode definition (HO)
)
Package hyperref Info: Hyper figures OFF on input line 4157.
Package hyperref Info: Link nesting OFF on input line 4162.
Package hyperref Info: Hyper index ON on input line 4165.
Package hyperref Info: Plain pages OFF on input line 4172.
Package hyperref Info: Backreferencing OFF on input line 4177.
Package hyperref Info: Implicit mode ON; LaTeX internals redefined.
Package hyperref Info: Bookmarks ON on input line 4424.
\c@Hy@tempcnt=\count275

(C:\Users\luker\AppData\Local\Programs\MiKTeX\tex/latex/url\url.sty
\Urlmuskip=\muskip17
Package: url 2013/09/16  ver 3.4  Verb mode for urls, etc.
)
LaTeX Info: Redefining \url on input line 4763.
\XeTeXLinkMargin=\dimen151

(C:\Users\luker\AppData\Local\Programs\MiKTeX\tex/generic/bitset\bitset.sty
Package: bitset 2019/12/09 v1.3 Handle bit-vector datatype (HO)

(C:\Users\luker\AppData\Local\Programs\MiKTeX\tex/generic/bigintcalc\bigintcalc
.sty
Package: bigintcalc 2019/12/15 v1.5 Expandable calculations on big integers (HO
)
))
\Fld@menulength=\count276
\Field@Width=\dimen152
\Fld@charsize=\dimen153
Package hyperref Info: Hyper figures OFF on input line 6042.
Package hyperref Info: Link nesting OFF on input line 6047.
Package hyperref Info: Hyper index ON on input line 6050.
Package hyperref Info: backreferencing OFF on input line 6057.
Package hyperref Info: Link coloring OFF on input line 6062.
Package hyperref Info: Link coloring with OCG OFF on input line 6067.
Package hyperref Info: PDF/A mode OFF on input line 6072.

(C:\Users\luker\AppData\Local\Programs\MiKTeX\tex/latex/base\atbegshi-ltx.sty
Package: atbegshi-ltx 2021/01/10 v1.0c Emulation of the original atbegshi
package with kernel methods
)
\Hy@abspage=\count277
\c@Item=\count278
\c@Hfootnote=\count279
)
Package hyperref Info: Driver (autodetected): hxetex.
(C:\Users\luker\AppData\Local\Programs\MiKTeX\tex/latex/hyperref\hxetex.def
File: hxetex.def 2024-11-05 v7.01l Hyperref driver for XeTeX
\pdfm@box=\box53
\c@Hy@AnnotLevel=\count280
\HyField@AnnotCount=\count281
\Fld@listcount=\count282
\c@bookmark@seq@number=\count283

(C:\Users\luker\AppData\Local\Programs\MiKTeX\tex/latex/rerunfilecheck\rerunfil
echeck.sty
Package: rerunfilecheck 2025-06-21 v1.11 Rerun checks for auxiliary files (HO)

(C:\Users\luker\AppData\Local\Programs\MiKTeX\tex/generic/uniquecounter\uniquec
ounter.sty
Package: uniquecounter 2019/12/15 v1.4 Provide unlimited unique counter (HO)
)
Package uniquecounter Info: New unique counter `rerunfilecheck' on input line 2
84.
)
\Hy@SectionHShift=\skip53
)
(C:\Users\luker\AppData\Local\Programs\MiKTeX\tex/latex/parskip\parskip.sty
Package: parskip 2021-03-14 v2.0h non-zero parskip adjustments
)
(C:\Users\luker\AppData\Local\Programs\MiKTeX\tex/latex/caption\subcaption.sty
Package: subcaption 2023/07/28 v1.6b Sub-captions (AR)

(C:\Users\luker\AppData\Local\Programs\MiKTeX\tex/latex/caption\caption.sty
Package: caption 2023/08/05 v3.6o Customizing captions (AR)

(C:\Users\luker\AppData\Local\Programs\MiKTeX\tex/latex/caption\caption3.sty
Package: caption3 2023/07/31 v2.4d caption3 kernel (AR)
\caption@tempdima=\dimen154
\captionmargin=\dimen155
\caption@leftmargin=\dimen156
\caption@rightmargin=\dimen157
\caption@width=\dimen158
\caption@indent=\dimen159
\caption@parindent=\dimen160
\caption@hangindent=\dimen161
Package caption Info: Standard document class detected.
)
\c@caption@flags=\count284
\c@continuedfloat=\count285
Package caption Info: hyperref package is loaded.
)
Package caption Info: New subtype `subfigure' on input line 238.
\c@subfigure=\count286
Package caption Info: New subtype `subtable' on input line 238.
\c@subtable=\count287
) (C:\Users\luker\AppData\Local\Programs\MiKTeX\tex/latex/tools\tabularx.sty
Package: tabularx 2023/12/11 v2.12a `tabularx' package (DPC)

(C:\Users\luker\AppData\Local\Programs\MiKTeX\tex/latex/tools\array.sty
Package: array 2024/10/17 v2.6g Tabular extension package (FMi)
\col@sep=\dimen162
\ar@mcellbox=\box54
\extrarowheight=\dimen163
\NC@list=\toks19
\extratabsurround=\skip54
\backup@length=\skip55
\ar@cellbox=\box55
)
\TX@col@width=\dimen164
\TX@old@table=\dimen165
\TX@old@col=\dimen166
\TX@target=\dimen167
\TX@delta=\dimen168
\TX@cols=\count288
\TX@ftn=\toks20
)

! LaTeX Error: Option clash for package hyperref.

See the LaTeX manual or LaTeX Companion for explanation.
Type  H <return>  for immediate help.
 ...                                              
                                                  
l.11 \usepackage
                {enumitem} % for compact lists
The package hyperref has already been loaded with options:
  [hidelinks]
There has now been an attempt to load it with options
  [pdftex]
Adding the global options:
  hidelinks,pdftex
to your \documentclass declaration may fix this.
Try typing  <return>  to proceed.

(C:\Users\luker\AppData\Local\Programs\MiKTeX\tex/latex/enumitem\enumitem.sty
Package: enumitem 2025/02/06 v3.11 Customized lists
\labelindent=\skip56
\enit@outerparindent=\dimen169
\enit@toks=\toks21
\enit@inbox=\box56
\enit@count@id=\count289
\enitdp@description=\count290
)
(C:\Users\luker\AppData\Local\Programs\MiKTeX\tex/latex/pdfpages\pdfpages.sty
Package: pdfpages 2025/07/23 v0.6g Insert pages of external PDF documents (AM)

(C:\Users\luker\AppData\Local\Programs\MiKTeX\tex/latex/tools\calc.sty
Package: calc 2023/07/08 v4.3 Infix arithmetic (KKT,FJ)
\calc@Acount=\count291
\calc@Bcount=\count292
\calc@Adimen=\dimen170
\calc@Bdimen=\dimen171
\calc@Askip=\skip57
\calc@Bskip=\skip58
LaTeX Info: Redefining \setlength on input line 80.
LaTeX Info: Redefining \addtolength on input line 81.
\calc@Ccount=\count293
\calc@Cskip=\skip59
)
(C:\Users\luker\AppData\Local\Programs\MiKTeX\tex/latex/eso-pic\eso-pic.sty
Package: eso-pic 2023/05/03 v3.0c eso-pic (RN)
\ESO@tempdima=\dimen172
\ESO@tempdimb=\dimen173

(C:\Users\luker\AppData\Local\Programs\MiKTeX\tex/latex/xcolor\xcolor.sty
Package: xcolor 2024/09/29 v3.02 LaTeX color extensions (UK)

(C:\Users\luker\AppData\Local\Programs\MiKTeX\tex/latex/graphics-cfg\color.cfg
File: color.cfg 2016/01/02 v1.6 sample color configuration
)
Package xcolor Info: Driver file: xetex.def on input line 274.
(C:\Users\luker\AppData\Local\Programs\MiKTeX\tex/latex/graphics-def\xetex.def
File: xetex.def 2022/09/22 v5.0n Graphics/color driver for xetex
) (C:\Users\luker\AppData\Local\Programs\MiKTeX\tex/latex/graphics\mathcolor.lt
x)
Package xcolor Info: Model `cmy' substituted by `cmy0' on input line 1349.
Package xcolor Info: Model `RGB' extended on input line 1365.
Package xcolor Info: Model `HTML' substituted by `rgb' on input line 1367.
Package xcolor Info: Model `Hsb' substituted by `hsb' on input line 1368.
Package xcolor Info: Model `tHsb' substituted by `hsb' on input line 1369.
Package xcolor Info: Model `HSB' substituted by `hsb' on input line 1370.
Package xcolor Info: Model `Gray' substituted by `gray' on input line 1371.
Package xcolor Info: Model `wave' substituted by `hsb' on input line 1372.
))
(C:\Users\luker\AppData\Local\Programs\MiKTeX\tex/latex/graphics\graphicx.sty
Package: graphicx 2021/09/16 v1.2d Enhanced LaTeX Graphics (DPC,SPQR)

(C:\Users\luker\AppData\Local\Programs\MiKTeX\tex/latex/graphics\graphics.sty
Package: graphics 2024/08/06 v1.4g Standard LaTeX Graphics (DPC,SPQR)

(C:\Users\luker\AppData\Local\Programs\MiKTeX\tex/latex/graphics\trig.sty
Package: trig 2023/12/02 v1.11 sin cos tan (DPC)
)
(C:\Users\luker\AppData\Local\Programs\MiKTeX\tex/latex/graphics-cfg\graphics.c
fg
File: graphics.cfg 2016/06/04 v1.11 sample graphics configuration
)
Package graphics Info: Driver file: xetex.def on input line 106.
)
\Gin@req@height=\dimen174
\Gin@req@width=\dimen175
)
\AM@pagewidth=\dimen176
\AM@pageheight=\dimen177
\AM@fboxrule=\dimen178

(C:\Users\luker\AppData\Local\Programs\MiKTeX\tex/latex/pdfpages\ppxetex.def
File: ppxetex.def 2025/07/23 v0.6g Pdfpages driver for XeTeX (AM)
)
\pdfpages@includegraphics@status=\count294
\AM@pagebox=\box57
\AM@global@opts=\toks22
\AM@pagecnt=\count295
\AM@toc@title=\toks23
\AM@lof@heading=\toks24
\c@AM@survey=\count296
\AM@templatesizebox=\box58
)
(C:\Users\luker\AppData\Local\Programs\MiKTeX\tex/latex/threeparttable\threepar
ttable.sty
Package: threeparttable 2003/06/13  v 3.0
\@tempboxb=\box59
)
(C:\Users\luker\AppData\Local\Programs\MiKTeX\tex/latex/booktabs\booktabs.sty
Package: booktabs 2020/01/12 v1.61803398 Publication quality tables
\heavyrulewidth=\dimen179
\lightrulewidth=\dimen180
\cmidrulewidth=\dimen181
\belowrulesep=\dimen182
\belowbottomsep=\dimen183
\aboverulesep=\dimen184
\abovetopsep=\dimen185
\cmidrulesep=\dimen186
\cmidrulekern=\dimen187
\defaultaddspace=\dimen188
\@cmidla=\count297
\@cmidlb=\count298
\@aboverulesep=\dimen189
\@belowrulesep=\dimen190
\@thisruleclass=\count299
\@lastruleclass=\count300
\@thisrulewidth=\dimen191
)
(C:\Users\luker\AppData\Local\Programs\MiKTeX\tex/latex/makecell\makecell.sty
Package: makecell 2009/08/03 V0.1e Managing of Tab Column Heads and Cells
\rotheadsize=\dimen192
\c@nlinenum=\count301
\TeXr@lab=\toks25
)
(C:\Users\luker\AppData\Local\Programs\MiKTeX\tex/latex/appendix\appendix.sty
Package: appendix 2020/02/08 v1.2c extra appendix facilities
\c@@pps=\count302
\c@@ppsavesec=\count303
\c@@ppsaveapp=\count304
)

Package geometry Warning: Over-specification in `h'-direction.
    `width' (398.35985pt) is ignored.


Package geometry Warning: Over-specification in `v'-direction.
    `height' (644.53462pt) is ignored.

(C:\Users\luker\AppData\Local\Programs\MiKTeX\tex/latex/float\float.sty
Package: float 2001/11/08 v1.3d Float enhancements (AL)
\c@float@type=\count305
\float@exts=\toks26
\float@box=\box60
\@float@everytoks=\toks27
\@floatcapt=\box61
)
(C:\Users\luker\AppData\Local\Programs\MiKTeX\tex/latex/svg\svg.sty
Package: svg 2020/11/26 v2.02k (include SVG pictures)

(C:\Users\luker\AppData\Local\Programs\MiKTeX\tex/latex/koma-script\scrbase.sty
Package: scrbase 2025/09/09 v3.48 KOMA-Script package (KOMA-Script-independent 
basics and keyval usage)

(C:\Users\luker\AppData\Local\Programs\MiKTeX\tex/latex/koma-script\scrlfile.st
y
Package: scrlfile 2025/09/09 v3.48 KOMA-Script package (file load hooks)

(C:\Users\luker\AppData\Local\Programs\MiKTeX\tex/latex/koma-script\scrlfile-ho
ok.sty
Package: scrlfile-hook 2025/09/09 v3.48 KOMA-Script package (using LaTeX hooks)


(C:\Users\luker\AppData\Local\Programs\MiKTeX\tex/latex/koma-script\scrlogo.sty
Package: scrlogo 2025/09/09 v3.48 KOMA-Script package (logo)
)))
Applying: [2021/05/01] Usage of raw or classic option list on input line 254.
Already applied: [0000/00/00] Usage of raw or classic option list on input line
 370.
)
(C:\Users\luker\AppData\Local\Programs\MiKTeX\tex/latex/trimspaces\trimspaces.s
ty
Package: trimspaces 2009/09/17 v1.1 Trim spaces around a token list
) (C:\Users\luker\AppData\Local\Programs\MiKTeX\tex/latex/tools\shellesc.sty
Package: shellesc 2023/07/08 v1.0d unified shell escape interface for LaTeX
Package shellesc Info: Restricted shell escape enabled on input line 77.
)
\c@svg@param@lastpage=\count306
\svg@box=\box62
\c@svg@param@currpage=\count307
)
(C:\Users\luker\AppData\Local\Programs\MiKTeX\tex/latex/transparent\transparent
.sty
Package: transparent 2025-06-23 v1.6 Transparency with color stacks

! Undefined control sequence.
l.42 \IfPDFManagementActiveF
                             {\RequirePackage{transparent-nometadata}}
The control sequence at the end of the top line
of your error message was never \def'ed. If you have
misspelled it (e.g., `\hobx'), type `I' and the correct
spelling (e.g., `I\hbox'). Otherwise just continue,
and I'll forget about whatever was undefined.


! LaTeX Error: Loading a class or package in a group.

See the LaTeX manual or LaTeX Companion for explanation.
Type  H <return>  for immediate help.
 ...                                              
                                                  
l.42 \IfPDFManagementActiveF {\RequirePackage
                                             {transparent-nometadata}}
Classes and packages should only be loaded at the top level


(C:\Users\luker\AppData\Local\Programs\MiKTeX\tex/latex/transparent\transparent
-nometadata.sty
Package: transparent-nometadata 2025-06-23 v1.6 Transparency via pdfTeX's color
 stack (HO)


! LaTeX Error: Loading a class or package in a group.

See the LaTeX manual or LaTeX Companion for explanation.
Type  H <return>  for immediate help.
 ...                                              
                                                  
l.42 \RequirePackage
                    {iftex}
Classes and packages should only be loaded at the top level


Package transparent Warning: Loading aborted, because pdfTeX is not running in 
PDF mode.

)
! Undefined control sequence.
l.43 \IfPDFManagementActiveF
                             {\endinput}
The control sequence at the end of the top line
of your error message was never \def'ed. If you have
misspelled it (e.g., `\hobx'), type `I' and the correct
spelling (e.g., `I\hbox'). Otherwise just continue,
and I'll forget about whatever was undefined.

)
(C:\Users\luker\AppData\Local\Programs\MiKTeX\tex/latex/pgf/systemlayer\pgfsys.
sty
(C:\Users\luker\AppData\Local\Programs\MiKTeX\tex/latex/pgf/utilities\pgfrcs.st
y
(C:\Users\luker\AppData\Local\Programs\MiKTeX\tex/generic/pgf/utilities\pgfutil
-common.tex
\pgfutil@everybye=\toks28
\pgfutil@tempdima=\dimen193
\pgfutil@tempdimb=\dimen194
)
(C:\Users\luker\AppData\Local\Programs\MiKTeX\tex/generic/pgf/utilities\pgfutil
-latex.def
\pgfutil@abb=\box63
)
(C:\Users\luker\AppData\Local\Programs\MiKTeX\tex/generic/pgf/utilities\pgfrcs.
code.tex
(C:\Users\luker\AppData\Local\Programs\MiKTeX\tex/generic/pgf\pgf.revision.tex)
Package: pgfrcs 2023-01-15 v3.1.10 (3.1.10)
))
(C:\Users\luker\AppData\Local\Programs\MiKTeX\tex/generic/pgf/systemlayer\pgfsy
s.code.tex
Package: pgfsys 2023-01-15 v3.1.10 (3.1.10)

(C:\Users\luker\AppData\Local\Programs\MiKTeX\tex/generic/pgf/utilities\pgfkeys
.code.tex
\pgfkeys@pathtoks=\toks29
\pgfkeys@temptoks=\toks30

(C:\Users\luker\AppData\Local\Programs\MiKTeX\tex/generic/pgf/utilities\pgfkeys
libraryfiltered.code.tex
\pgfkeys@tmptoks=\toks31
))
\pgf@x=\dimen195
\pgf@y=\dimen196
\pgf@xa=\dimen197
\pgf@ya=\dimen198
\pgf@xb=\dimen199
\pgf@yb=\dimen256
\pgf@xc=\dimen257
\pgf@yc=\dimen258
\pgf@xd=\dimen259
\pgf@yd=\dimen260
\w@pgf@writea=\write3
\r@pgf@reada=\read2
\c@pgf@counta=\count308
\c@pgf@countb=\count309
\c@pgf@countc=\count310
\c@pgf@countd=\count311
\t@pgf@toka=\toks32
\t@pgf@tokb=\toks33
\t@pgf@tokc=\toks34
\pgf@sys@id@count=\count312

(C:\Users\luker\AppData\Local\Programs\MiKTeX\tex/generic/pgf/systemlayer\pgf.c
fg
File: pgf.cfg 2023-01-15 v3.1.10 (3.1.10)
)
Driver file for pgf: pgfsys-xetex.def

(C:\Users\luker\AppData\Local\Programs\MiKTeX\tex/generic/pgf/systemlayer\pgfsy
s-xetex.def
File: pgfsys-xetex.def 2023-01-15 v3.1.10 (3.1.10)

(C:\Users\luker\AppData\Local\Programs\MiKTeX\tex/generic/pgf/systemlayer\pgfsy
s-dvipdfmx.def
File: pgfsys-dvipdfmx.def 2023-01-15 v3.1.10 (3.1.10)

(C:\Users\luker\AppData\Local\Programs\MiKTeX\tex/generic/pgf/systemlayer\pgfsy
s-common-pdf.def
File: pgfsys-common-pdf.def 2023-01-15 v3.1.10 (3.1.10)
)
\pgfsys@objnum=\count313
)))
(C:\Users\luker\AppData\Local\Programs\MiKTeX\tex/generic/pgf/systemlayer\pgfsy
ssoftpath.code.tex
File: pgfsyssoftpath.code.tex 2023-01-15 v3.1.10 (3.1.10)
\pgfsyssoftpath@smallbuffer@items=\count314
\pgfsyssoftpath@bigbuffer@items=\count315
)
(C:\Users\luker\AppData\Local\Programs\MiKTeX\tex/generic/pgf/systemlayer\pgfsy
sprotocol.code.tex
File: pgfsysprotocol.code.tex 2023-01-15 v3.1.10 (3.1.10)
))
(C:\Users\luker\AppData\Local\Programs\MiKTeX\tex/latex/pdflscape\pdflscape.sty
Package: pdflscape 2022-10-27 v0.13 Display of landscape pages in PDF

(C:\Users\luker\AppData\Local\Programs\MiKTeX\tex/latex/pdflscape\pdflscape-nom
etadata.sty
Package: pdflscape-nometadata 2022-10-28 v0.13 Display of landscape pages in PD
F (HO)

(C:\Users\luker\AppData\Local\Programs\MiKTeX\tex/latex/graphics\lscape.sty
Package: lscape 2020/05/28 v3.02 Landscape Pages (DPC)
)
Package pdflscape Info: Auto-detected driver: dvipdfm (xetex) on input line 98.

))
(C:\Users\luker\AppData\Local\Programs\MiKTeX\tex/latex/natbib\natbib.sty
Package: natbib 2010/09/13 8.31b (PWD, AO)
\bibhang=\skip60
\bibsep=\skip61
LaTeX Info: Redefining \cite on input line 694.
\c@NAT@ctr=\count316
)
Package hyperref Info: Option `colorlinks' set `true' on input line 39.

(C:\Users\luker\AppData\Local\Programs\MiKTeX\tex/latex/amsmath\amsmath.sty
Package: amsmath 2024/11/05 v2.17t AMS math features
\@mathmargin=\skip62

For additional information on amsmath, use the `?' option.
(C:\Users\luker\AppData\Local\Programs\MiKTeX\tex/latex/amsmath\amstext.sty
Package: amstext 2021/08/26 v2.01 AMS text

(C:\Users\luker\AppData\Local\Programs\MiKTeX\tex/latex/amsmath\amsgen.sty
File: amsgen.sty 1999/11/30 v2.0 generic functions
\@emptytoks=\toks35
\ex@=\dimen261
))
(C:\Users\luker\AppData\Local\Programs\MiKTeX\tex/latex/amsmath\amsbsy.sty
Package: amsbsy 1999/11/29 v1.2d Bold Symbols
\pmbraise@=\dimen262
)
(C:\Users\luker\AppData\Local\Programs\MiKTeX\tex/latex/amsmath\amsopn.sty
Package: amsopn 2022/04/08 v2.04 operator names
)
\inf@bad=\count317
LaTeX Info: Redefining \frac on input line 233.
\uproot@=\count318
\leftroot@=\count319
LaTeX Info: Redefining \overline on input line 398.
LaTeX Info: Redefining \colon on input line 409.
\classnum@=\count320
\DOTSCASE@=\count321
LaTeX Info: Redefining \ldots on input line 495.
LaTeX Info: Redefining \dots on input line 498.
LaTeX Info: Redefining \cdots on input line 619.
\Mathstrutbox@=\box64
\strutbox@=\box65
LaTeX Info: Redefining \big on input line 721.
LaTeX Info: Redefining \Big on input line 722.
LaTeX Info: Redefining \bigg on input line 723.
LaTeX Info: Redefining \Bigg on input line 724.
\big@size=\dimen263
LaTeX Font Info:    Redeclaring font encoding OML on input line 742.
LaTeX Font Info:    Redeclaring font encoding OMS on input line 743.
\macc@depth=\count322
LaTeX Info: Redefining \bmod on input line 904.
LaTeX Info: Redefining \pmod on input line 909.
LaTeX Info: Redefining \smash on input line 939.
LaTeX Info: Redefining \relbar on input line 969.
LaTeX Info: Redefining \Relbar on input line 970.
\c@MaxMatrixCols=\count323
\dotsspace@=\muskip18
\c@parentequation=\count324
\dspbrk@lvl=\count325
\tag@help=\toks36
\row@=\count326
\column@=\count327
\maxfields@=\count328
\andhelp@=\toks37
\eqnshift@=\dimen264
\alignsep@=\dimen265
\tagshift@=\dimen266
\tagwidth@=\dimen267
\totwidth@=\dimen268
\lineht@=\dimen269
\@envbody=\toks38
\multlinegap=\skip63
\multlinetaggap=\skip64
\mathdisplay@stack=\toks39
LaTeX Info: Redefining \[ on input line 2953.
LaTeX Info: Redefining \] on input line 2954.
)
(C:\Users\luker\AppData\Local\Programs\MiKTeX\tex/latex/mhchem\mhchem.sty
Package: mhchem 2024/01/29 v4.10 for typesetting chemical formulae

(C:\Users\luker\AppData\Local\Programs\MiKTeX\tex/latex/l3kernel\expl3.sty
Package: expl3 2025-01-18 L3 programming layer (loader) 

(C:\Users\luker\AppData\Local\Programs\MiKTeX\tex/latex/l3backend\l3backend-xet
ex.def
File: l3backend-xetex.def 2024-05-08 L3 backend support: XeTeX
\g__graphics_track_int=\count329
\l__pdf_internal_box=\box66
\g__pdf_backend_annotation_int=\count330
\g__pdf_backend_link_int=\count331
))
(C:\Users\luker\AppData\Local\Programs\MiKTeX\tex/latex/l3packages/l3keys2e\l3k
eys2e.sty
Package: l3keys2e 2024-08-16 LaTeX2e option processing using LaTeX3 keys
)
(C:\Users\luker\AppData\Local\Programs\MiKTeX\tex/latex/chemgreek\chemgreek.sty

(C:\Users\luker\AppData\Local\Programs\MiKTeX\tex/latex/l3packages/xparse\xpars
e.sty
Package: xparse 2024-08-16 L3 Experimental document command parser
)
Package: chemgreek 2020/01/16 v1.1a interface for upright Greek letters for use
 in chemistry (CN)
\l__chemgreek_tmpa_int=\count332
\g__chemgreek_tmpa_int=\count333
)
\l__mhchem_ce_distanceFromLastComma_int=\count334
\__mhchem_arrow_extPgfLength_skip=\skip65
\mhchem@minispace@tmp=\skip66
\mhchem@minibackspace@tmp=\skip67
\mhchem@bondwidth=\skip68
\mhchem@bondheight=\skip69
\mhchem@smallbondwidth@tmpA=\skip70
\mhchem@smallbondwidth@tmpB=\skip71
\mhchem@smallbondwidth=\skip72
\mhchem@bondtmp@minussidebearingleft=\skip73
\mhchem@bondtmp@minussidebearingright=\skip74
\l__mhchem_option_version_int=\count335
\mhchem@option@minusmathsidebearingleft=\dimen270
\mhchem@option@minusmathsidebearingright=\dimen271
\mhchem@option@minustextsidebearingleft=\dimen272
\mhchem@option@minustextsidebearingright=\dimen273
)
(C:\Users\luker\AppData\Local\Programs\MiKTeX\tex/latex/siunitx\siunitx.sty
Package: siunitx 2025-07-09 v3.4.14 A comprehensive (SI) units package
\l__siunitx_number_uncert_offset_int=\count336
\l__siunitx_number_exponent_fixed_int=\count337
\l__siunitx_number_min_decimal_int=\count338
\l__siunitx_number_min_integer_int=\count339
\l__siunitx_number_round_precision_int=\count340
\l__siunitx_number_lower_threshold_int=\count341
\l__siunitx_number_upper_threshold_int=\count342
\l__siunitx_number_group_first_int=\count343
\l__siunitx_number_group_size_int=\count344
\l__siunitx_number_group_minimum_int=\count345
\l__siunitx_angle_tmp_dim=\dimen274
\l__siunitx_angle_marker_box=\box67
\l__siunitx_angle_unit_box=\box68
\l__siunitx_compound_count_int=\count346

(C:\Users\luker\AppData\Local\Programs\MiKTeX\tex/latex/translations\translatio
ns.sty
Package: translations 2022/02/05 v1.12 internationalization of LaTeX2e packages
 (CN)
)
\l__siunitx_table_tmp_box=\box69
\l__siunitx_table_tmp_dim=\dimen275
\l__siunitx_table_column_width_dim=\dimen276
\l__siunitx_table_integer_box=\box70
\l__siunitx_table_decimal_box=\box71
\l__siunitx_table_uncert_box=\box72
\l__siunitx_table_before_box=\box73
\l__siunitx_table_after_box=\box74
\l__siunitx_table_before_dim=\dimen277
\l__siunitx_table_carry_dim=\dimen278
\l__siunitx_unit_tmp_int=\count347
\l__siunitx_unit_position_int=\count348
\l__siunitx_unit_total_int=\count349
)
(C:\Users\luker\AppData\Local\Programs\MiKTeX\tex/latex/unicode-math\unicode-ma
th.sty
Package: unicode-math 2023/08/13 v0.8r Unicode maths in XeLaTeX and LuaLaTeX

(C:\Users\luker\AppData\Local\Programs\MiKTeX\tex/latex/unicode-math\unicode-ma
th-xetex.sty
Package: unicode-math-xetex 2023/08/13 v0.8r Unicode maths in XeLaTeX and LuaLa
TeX

(C:\Users\luker\AppData\Local\Programs\MiKTeX\tex/latex/fontspec\fontspec.sty
Package: fontspec 2024/05/11 v2.9e Font selection for XeLaTeX and LuaLaTeX

(C:\Users\luker\AppData\Local\Programs\MiKTeX\tex/latex/fontspec\fontspec-xetex
.sty
Package: fontspec-xetex 2024/05/11 v2.9e Font selection for XeLaTeX and LuaLaTe
X
\l__fontspec_script_int=\count350
\l__fontspec_language_int=\count351
\l__fontspec_strnum_int=\count352
\l__fontspec_tmp_int=\count353
\l__fontspec_tmpa_int=\count354
\l__fontspec_tmpb_int=\count355
\l__fontspec_tmpc_int=\count356
\l__fontspec_em_int=\count357
\l__fontspec_emdef_int=\count358
\l__fontspec_strong_int=\count359
\l__fontspec_strongdef_int=\count360
\l__fontspec_tmpa_dim=\dimen279
\l__fontspec_tmpb_dim=\dimen280
\l__fontspec_tmpc_dim=\dimen281
 (C:\Users\luker\AppData\Local\Programs\MiKTeX\tex/latex/base\fontenc.sty
Package: fontenc 2021/04/29 v2.0v Standard LaTeX package
)
(C:\Users\luker\AppData\Local\Programs\MiKTeX\tex/latex/fontspec\fontspec.cfg))
) (C:\Users\luker\AppData\Local\Programs\MiKTeX\tex/latex/base\fix-cm.sty
Package: fix-cm 2020/11/24 v1.1t fixes to LaTeX

(C:\Users\luker\AppData\Local\Programs\MiKTeX\tex/latex/base\ts1enc.def
File: ts1enc.def 2001/06/05 v3.0e (jk/car/fm) Standard LaTeX file
LaTeX Font Info:    Redeclaring font encoding TS1 on input line 47.
))
\g__um_fam_int=\count361
\g__um_fonts_used_int=\count362
\l__um_primecount_int=\count363
\g__um_primekern_muskip=\muskip19

(C:\Users\luker\AppData\Local\Programs\MiKTeX\tex/latex/unicode-math\unicode-ma
th-table.tex)))

Package fontspec Info: 
(fontspec)             Font family 'Cambria(0)' created for font 'Cambria'
(fontspec)             with options [Ligatures=TeX].
(fontspec)              
(fontspec)              This font family consists of the following NFSS
(fontspec)             series/shapes:
(fontspec)              
(fontspec)             - 'normal' (m/n) with NFSS spec.:
(fontspec)             <->"Cambria/OT:script=latn;language=dflt;mapping=tex-tex
t;"
(fontspec)             - 'small caps'  (m/sc) with NFSS spec.:
(fontspec)             <->"Cambria/OT:script=latn;language=dflt;+smcp;mapping=t
ex-text;"
(fontspec)             - 'bold' (b/n) with NFSS spec.:
(fontspec)             <->"Cambria/B/OT:script=latn;language=dflt;mapping=tex-t
ext;"
(fontspec)             - 'bold small caps'  (b/sc) with NFSS spec.:
(fontspec)             <->"Cambria/B/OT:script=latn;language=dflt;+smcp;mapping
=tex-text;"
(fontspec)             - 'italic' (m/it) with NFSS spec.:
(fontspec)             <->"Cambria/I/OT:script=latn;language=dflt;mapping=tex-t
ext;"
(fontspec)             - 'italic small caps'  (m/scit) with NFSS spec.:
(fontspec)             <->"Cambria/I/OT:script=latn;language=dflt;+smcp;mapping
=tex-text;"
(fontspec)             - 'bold italic' (b/it) with NFSS spec.:
(fontspec)             <->"Cambria/BI/OT:script=latn;language=dflt;mapping=tex-
text;"
(fontspec)             - 'bold italic small caps'  (b/scit) with NFSS spec.:
(fontspec)             <->"Cambria/BI/OT:script=latn;language=dflt;+smcp;mappin
g=tex-text;"


Package fontspec Info: 
(fontspec)             Font family 'Cambria(1)' created for font 'Cambria'
(fontspec)             with options [].
(fontspec)              
(fontspec)              This font family consists of the following NFSS
(fontspec)             series/shapes:
(fontspec)              
(fontspec)             - 'normal' (m/n) with NFSS spec.:
(fontspec)             <->"Cambria/OT:script=latn;language=dflt;"
(fontspec)             - 'small caps'  (m/sc) with NFSS spec.:
(fontspec)             <->"Cambria/OT:script=latn;language=dflt;+smcp;"
(fontspec)             - 'bold' (b/n) with NFSS spec.:
(fontspec)             <->"Cambria/B/OT:script=latn;language=dflt;"
(fontspec)             - 'bold small caps'  (b/sc) with NFSS spec.:
(fontspec)             <->"Cambria/B/OT:script=latn;language=dflt;+smcp;"
(fontspec)             - 'italic' (m/it) with NFSS spec.:
(fontspec)             <->"Cambria/I/OT:script=latn;language=dflt;"
(fontspec)             - 'italic small caps'  (m/scit) with NFSS spec.:
(fontspec)             <->"Cambria/I/OT:script=latn;language=dflt;+smcp;"
(fontspec)             - 'bold italic' (b/it) with NFSS spec.:
(fontspec)             <->"Cambria/BI/OT:script=latn;language=dflt;"
(fontspec)             - 'bold italic small caps'  (b/scit) with NFSS spec.:
(fontspec)             <->"Cambria/BI/OT:script=latn;language=dflt;+smcp;"

LaTeX Font Info:    Overwriting math alphabet `\mathrm' in version `normal'
(Font)                  OT1/cmr/m/n --> TU/Cambria(1)/m/n on input line 63.
LaTeX Font Info:    Overwriting math alphabet `\mathit' in version `normal'
(Font)                  OT1/cmr/m/it --> TU/Cambria(1)/m/it on input line 63.
LaTeX Font Info:    Overwriting math alphabet `\mathbf' in version `normal'
(Font)                  OT1/cmr/bx/n --> TU/Cambria(1)/b/n on input line 63.

Package fontspec Info: 
(fontspec)             Calibri scale = 1.0052548708189.


Package fontspec Info: 
(fontspec)             Calibri scale = 1.0052548708189.


Package fontspec Info: 
(fontspec)             Calibri scale = 1.0052548708189.


Package fontspec Info: 
(fontspec)             Calibri/B scale = 0.9958306319698569.


Package fontspec Info: 
(fontspec)             Calibri/B scale = 0.9958306319698569.


Package fontspec Info: 
(fontspec)             Calibri/I scale = 0.9989523495941376.


Package fontspec Info: 
(fontspec)             Calibri/I scale = 0.9989523495941376.


Package fontspec Info: 
(fontspec)             Calibri/BI scale = 0.9958306319698569.


Package fontspec Info: 
(fontspec)             Calibri/BI scale = 0.9958306319698569.


Package fontspec Info: 
(fontspec)             Font family 'Calibri(0)' created for font 'Calibri'
(fontspec)             with options [Ligatures=TeX,Scale=MatchLowercase].
(fontspec)              
(fontspec)              This font family consists of the following NFSS
(fontspec)             series/shapes:
(fontspec)              
(fontspec)             - 'normal' (m/n) with NFSS spec.:
(fontspec)             <->s*[1.0052548708189]"Calibri/OT:script=latn;language=d
flt;mapping=tex-text;"
(fontspec)             - 'small caps'  (m/sc) with NFSS spec.:
(fontspec)             <->s*[1.0052548708189]"Calibri/OT:script=latn;language=d
flt;+smcp;mapping=tex-text;"
(fontspec)             - 'bold' (b/n) with NFSS spec.:
(fontspec)             <->s*[0.9958306319698569]"Calibri/B/OT:script=latn;langu
age=dflt;mapping=tex-text;"
(fontspec)             - 'bold small caps'  (b/sc) with NFSS spec.:
(fontspec)             <->s*[0.9958306319698569]"Calibri/B/OT:script=latn;langu
age=dflt;+smcp;mapping=tex-text;"
(fontspec)             - 'italic' (m/it) with NFSS spec.:
(fontspec)             <->s*[0.9989523495941376]"Calibri/I/OT:script=latn;langu
age=dflt;mapping=tex-text;"
(fontspec)             - 'italic small caps'  (m/scit) with NFSS spec.:
(fontspec)             <->s*[0.9989523495941376]"Calibri/I/OT:script=latn;langu
age=dflt;+smcp;mapping=tex-text;"
(fontspec)             - 'bold italic' (b/it) with NFSS spec.:
(fontspec)             <->s*[0.9958306319698569]"Calibri/BI/OT:script=latn;lang
uage=dflt;mapping=tex-text;"
(fontspec)             - 'bold italic small caps'  (b/scit) with NFSS spec.:
(fontspec)             <->s*[0.9958306319698569]"Calibri/BI/OT:script=latn;lang
uage=dflt;+smcp;mapping=tex-text;"


Package fontspec Info: 
(fontspec)             Calibri scale = 1.0052548708189.


Package fontspec Info: 
(fontspec)             Calibri scale = 1.0052548708189.


Package fontspec Info: 
(fontspec)             Calibri scale = 1.0052548708189.


Package fontspec Info: 
(fontspec)             Calibri/B scale = 0.9958306319698569.


Package fontspec Info: 
(fontspec)             Calibri/B scale = 0.9958306319698569.


Package fontspec Info: 
(fontspec)             Calibri/I scale = 0.9989523495941376.


Package fontspec Info: 
(fontspec)             Calibri/I scale = 0.9989523495941376.


Package fontspec Info: 
(fontspec)             Calibri/BI scale = 0.9958306319698569.


Package fontspec Info: 
(fontspec)             Calibri/BI scale = 0.9958306319698569.


Package fontspec Info: 
(fontspec)             Font family 'Calibri(1)' created for font 'Calibri'
(fontspec)             with options [Scale=MatchLowercase].
(fontspec)              
(fontspec)              This font family consists of the following NFSS
(fontspec)             series/shapes:
(fontspec)              
(fontspec)             - 'normal' (m/n) with NFSS spec.:
(fontspec)             <->s*[1.0052548708189]"Calibri/OT:script=latn;language=d
flt;"
(fontspec)             - 'small caps'  (m/sc) with NFSS spec.:
(fontspec)             <->s*[1.0052548708189]"Calibri/OT:script=latn;language=d
flt;+smcp;"
(fontspec)             - 'bold' (b/n) with NFSS spec.:
(fontspec)             <->s*[0.9958306319698569]"Calibri/B/OT:script=latn;langu
age=dflt;"
(fontspec)             - 'bold small caps'  (b/sc) with NFSS spec.:
(fontspec)             <->s*[0.9958306319698569]"Calibri/B/OT:script=latn;langu
age=dflt;+smcp;"
(fontspec)             - 'italic' (m/it) with NFSS spec.:
(fontspec)             <->s*[0.9989523495941376]"Calibri/I/OT:script=latn;langu
age=dflt;"
(fontspec)             - 'italic small caps'  (m/scit) with NFSS spec.:
(fontspec)             <->s*[0.9989523495941376]"Calibri/I/OT:script=latn;langu
age=dflt;+smcp;"
(fontspec)             - 'bold italic' (b/it) with NFSS spec.:
(fontspec)             <->s*[0.9958306319698569]"Calibri/BI/OT:script=latn;lang
uage=dflt;"
(fontspec)             - 'bold italic small caps'  (b/scit) with NFSS spec.:
(fontspec)             <->s*[0.9958306319698569]"Calibri/BI/OT:script=latn;lang
uage=dflt;+smcp;"

LaTeX Font Info:    Overwriting math alphabet `\mathsf' in version `normal'
(Font)                  OT1/cmss/m/n --> TU/Calibri(1)/m/n on input line 64.
LaTeX Font Info:    Overwriting math alphabet `\mathsf' in version `bold'
(Font)                  OT1/cmss/bx/n --> TU/Calibri(1)/b/n on input line 64.

Package fontspec Info: 
(fontspec)             Consolas scale = 0.9521887652806346.


Package fontspec Info: 
(fontspec)             Consolas scale = 0.9521887652806346.


Package fontspec Info: 
(fontspec)             Consolas/B scale = 0.9409424701072679.


Package fontspec Info: 
(fontspec)             Consolas/I scale = 0.9521887652806346.


Package fontspec Info: 
(fontspec)             Consolas/BI scale = 0.9409424701072679.


Package fontspec Info: 
(fontspec)             Font family 'Consolas(0)' created for font 'Consolas'
(fontspec)             with options
(fontspec)             [WordSpace={1,0,0},HyphenChar=None,PunctuationSpace=Word
Space,Scale=MatchLowercase].
(fontspec)              
(fontspec)              This font family consists of the following NFSS
(fontspec)             series/shapes:
(fontspec)              
(fontspec)             - 'normal' (m/n) with NFSS spec.:
(fontspec)             <->s*[0.9521887652806346]"Consolas/OT:script=latn;langua
ge=dflt;"
(fontspec)             - 'bold' (b/n) with NFSS spec.:
(fontspec)             <->s*[0.9409424701072679]"Consolas/B/OT:script=latn;lang
uage=dflt;"
(fontspec)             - 'italic' (m/it) with NFSS spec.:
(fontspec)             <->s*[0.9521887652806346]"Consolas/I/OT:script=latn;lang
uage=dflt;"
(fontspec)             - 'bold italic' (b/it) with NFSS spec.:
(fontspec)             <->s*[0.9409424701072679]"Consolas/BI/OT:script=latn;lan
guage=dflt;"


Package fontspec Info: 
(fontspec)             Consolas scale = 0.9521887652806346.


Package fontspec Info: 
(fontspec)             Consolas scale = 0.9521887652806346.


Package fontspec Info: 
(fontspec)             Consolas/B scale = 0.9409424701072679.


Package fontspec Info: 
(fontspec)             Consolas/I scale = 0.9521887652806346.


Package fontspec Info: 
(fontspec)             Consolas/BI scale = 0.9409424701072679.


Package fontspec Info: 
(fontspec)             Font family 'Consolas(1)' created for font 'Consolas'
(fontspec)             with options [Scale=MatchLowercase].
(fontspec)              
(fontspec)              This font family consists of the following NFSS
(fontspec)             series/shapes:
(fontspec)              
(fontspec)             - 'normal' (m/n) with NFSS spec.:
(fontspec)             <->s*[0.9521887652806346]"Consolas/OT:script=latn;langua
ge=dflt;"
(fontspec)             - 'bold' (b/n) with NFSS spec.:
(fontspec)             <->s*[0.9409424701072679]"Consolas/B/OT:script=latn;lang
uage=dflt;"
(fontspec)             - 'italic' (m/it) with NFSS spec.:
(fontspec)             <->s*[0.9521887652806346]"Consolas/I/OT:script=latn;lang
uage=dflt;"
(fontspec)             - 'bold italic' (b/it) with NFSS spec.:
(fontspec)             <->s*[0.9409424701072679]"Consolas/BI/OT:script=latn;lan
guage=dflt;"

LaTeX Font Info:    Overwriting math alphabet `\mathtt' in version `normal'
(Font)                  OT1/cmtt/m/n --> TU/Consolas(1)/m/n on input line 65.
LaTeX Font Info:    Overwriting math alphabet `\mathtt' in version `bold'
(Font)                  OT1/cmtt/m/n --> TU/Consolas(1)/b/n on input line 65.

Package fontspec Info: 
(fontspec)             Could not resolve font "Cambria Math/B" (it probably
(fontspec)             doesn't exist).


Package fontspec Info: 
(fontspec)             Font family 'CambriaMath(0)' created for font 'Cambria
(fontspec)             Math' with options
(fontspec)             [BoldItalicFont={},ItalicFont={},SmallCapsFont={},Script
=Math].
(fontspec)              
(fontspec)              This font family consists of the following NFSS
(fontspec)             series/shapes:
(fontspec)              
(fontspec)             - 'normal' (m/n) with NFSS spec.: <->"Cambria
(fontspec)             Math/OT:script=math;language=dflt;"


Package fontspec Info: 
(fontspec)             Could not resolve font "Cambria Math/B" (it probably
(fontspec)             doesn't exist).


Package fontspec Info: 
(fontspec)             Font family 'CambriaMath(1)' created for font 'Cambria
(fontspec)             Math' with options
(fontspec)             [BoldItalicFont={},ItalicFont={},SmallCapsFont={},Script
=Math,SizeFeatures={{Size=10.38-},{Size=7.98-10.38,Font=Cambria
(fontspec)             Math,Style=MathScript},{Size=-7.98,Font=Cambria
(fontspec)             Math,Style=MathScriptScript}}].
(fontspec)              
(fontspec)              This font family consists of the following NFSS
(fontspec)             series/shapes:
(fontspec)              
(fontspec)             - 'normal' (m/n) with NFSS spec.: <10.38->"Cambria
(fontspec)             Math/OT:script=math;language=dflt;"<7.98-10.38>"Cambria
(fontspec)             Math/OT:script=math;language=dflt;+ssty=0;"<-7.98>"Cambr
ia
(fontspec)             Math/OT:script=math;language=dflt;+ssty=1;"

LaTeX Font Info:    Encoding `OT1' has changed to `TU' for symbol font
(Font)              `operators' in the math version `normal' on input line 66.
LaTeX Font Info:    Overwriting symbol font `operators' in version `normal'
(Font)                  OT1/cmr/m/n --> TU/CambriaMath(1)/m/n on input line 66.

LaTeX Font Info:    Encoding `OT1' has changed to `TU' for symbol font
(Font)              `operators' in the math version `bold' on input line 66.
LaTeX Font Info:    Overwriting symbol font `operators' in version `bold'
(Font)                  OT1/cmr/bx/n --> TU/CambriaMath(1)/b/n on input line 66
.

Package fontspec Info: 
(fontspec)             Cambria Math scale = 1.0001.


Package fontspec Info: 
(fontspec)             Could not resolve font "Cambria Math/B" (it probably
(fontspec)             doesn't exist).


Package fontspec Info: 
(fontspec)             Cambria Math scale = 1.0001.


Package fontspec Info: 
(fontspec)             Cambria Math scale = 1.0001.


Package fontspec Info: 
(fontspec)             Cambria Math scale = 1.0001.


Package fontspec Info: 
(fontspec)             Font family 'CambriaMath(2)' created for font 'Cambria
(fontspec)             Math' with options
(fontspec)             [BoldItalicFont={},ItalicFont={},SmallCapsFont={},Script
=Math,SizeFeatures={{Size=10.38-},{Size=7.98-10.38,Font=Cambria
(fontspec)             Math,Style=MathScript},{Size=-7.98,Font=Cambria
(fontspec)             Math,Style=MathScriptScript}},ScaleAgain=1.0001,FontAdju
stment={\fontdimen
(fontspec)             8\font =9.08203pt\relax \fontdimen 9\font
(fontspec)             =7.03125pt\relax \fontdimen 10\font =5.50781pt\relax
(fontspec)             \fontdimen 11\font =8.02734pt\relax \fontdimen 12\font
(fontspec)             =6.03516pt\relax \fontdimen 13\font =4.39453pt\relax
(fontspec)             \fontdimen 14\font =4.39453pt\relax \fontdimen 15\font
(fontspec)             =3.60352pt\relax \fontdimen 16\font =2.44922pt\relax
(fontspec)             \fontdimen 17\font =2.44922pt\relax \fontdimen 18\font
(fontspec)             =2.69531pt\relax \fontdimen 19\font =1.875pt\relax
(fontspec)             \fontdimen 22\font =3.42773pt\relax \fontdimen 20\font
(fontspec)             =0pt\relax \fontdimen 21\font =0pt\relax }].
(fontspec)              
(fontspec)              This font family consists of the following NFSS
(fontspec)             series/shapes:
(fontspec)              
(fontspec)             - 'normal' (m/n) with NFSS spec.:
(fontspec)             <10.38->s*[1.0001]"Cambria
(fontspec)             Math/OT:script=math;language=dflt;"<7.98-10.38>s*[1.0001
]"Cambria
(fontspec)             Math/OT:script=math;language=dflt;+ssty=0;"<-7.98>s*[1.0
001]"Cambria
(fontspec)             Math/OT:script=math;language=dflt;+ssty=1;"

LaTeX Font Info:    Encoding `OMS' has changed to `TU' for symbol font
(Font)              `symbols' in the math version `normal' on input line 66.
LaTeX Font Info:    Overwriting symbol font `symbols' in version `normal'
(Font)                  OMS/cmsy/m/n --> TU/CambriaMath(2)/m/n on input line 66
.
LaTeX Font Info:    Encoding `OMS' has changed to `TU' for symbol font
(Font)              `symbols' in the math version `bold' on input line 66.
LaTeX Font Info:    Overwriting symbol font `symbols' in version `bold'
(Font)                  OMS/cmsy/b/n --> TU/CambriaMath(2)/b/n on input line 66
.

Package fontspec Info: 
(fontspec)             Cambria Math scale = 0.9999.


Package fontspec Info: 
(fontspec)             Could not resolve font "Cambria Math/B" (it probably
(fontspec)             doesn't exist).


Package fontspec Info: 
(fontspec)             Cambria Math scale = 0.9999.


Package fontspec Info: 
(fontspec)             Cambria Math scale = 0.9999.


Package fontspec Info: 
(fontspec)             Cambria Math scale = 0.9999.


Package fontspec Info: 
(fontspec)             Font family 'CambriaMath(3)' created for font 'Cambria
(fontspec)             Math' with options
(fontspec)             [BoldItalicFont={},ItalicFont={},SmallCapsFont={},Script
=Math,SizeFeatures={{Size=10.38-},{Size=7.98-10.38,Font=Cambria
(fontspec)             Math,Style=MathScript},{Size=-7.98,Font=Cambria
(fontspec)             Math,Style=MathScriptScript}},ScaleAgain=0.9999,FontAdju
stment={\fontdimen
(fontspec)             8\font =0.7793pt\relax \fontdimen 9\font
(fontspec)             =0.7793pt\relax \fontdimen 10\font =0.7793pt\relax
(fontspec)             \fontdimen 11\font =2.92969pt\relax \fontdimen 12\font
(fontspec)             =7.26563pt\relax \fontdimen 13\font =0pt\relax }].
(fontspec)              
(fontspec)              This font family consists of the following NFSS
(fontspec)             series/shapes:
(fontspec)              
(fontspec)             - 'normal' (m/n) with NFSS spec.:
(fontspec)             <10.38->s*[0.9999]"Cambria
(fontspec)             Math/OT:script=math;language=dflt;"<7.98-10.38>s*[0.9999
]"Cambria
(fontspec)             Math/OT:script=math;language=dflt;+ssty=0;"<-7.98>s*[0.9
999]"Cambria
(fontspec)             Math/OT:script=math;language=dflt;+ssty=1;"

LaTeX Font Info:    Encoding `OMX' has changed to `TU' for symbol font
(Font)              `largesymbols' in the math version `normal' on input line 6
6.
LaTeX Font Info:    Overwriting symbol font `largesymbols' in version `normal'
(Font)                  OMX/cmex/m/n --> TU/CambriaMath(3)/m/n on input line 66
.
LaTeX Font Info:    Encoding `OMX' has changed to `TU' for symbol font
(Font)              `largesymbols' in the math version `bold' on input line 66.

LaTeX Font Info:    Overwriting symbol font `largesymbols' in version `bold'
(Font)                  OMX/cmex/m/n --> TU/CambriaMath(3)/b/n on input line 66
.

Package siunitx Info: Option "detect-all" has been deprecated in this release.
(siunitx)             
(siunitx)             Use "mode = match, propagate-math-font = true,
(siunitx)             reset-math-version = false, reset-text-family = false,
(siunitx)             reset-text-series = false, reset-text-shape = false,
(siunitx)             text-family-to-math = true, text-series-to-math = true"
(siunitx)             as a replacement.


Package siunitx Info: Option "detect-family" has been deprecated in this
(siunitx)             release.
(siunitx)             
(siunitx)             Use "reset-text-family = false, text-family-to-math =
(siunitx)             true" as a replacement.


Package siunitx Info: Option "number-unit-product" has been deprecated in this
(siunitx)             release.
(siunitx)             
(siunitx)             Use "quantity-product = \," as a replacement.


Package siunitx Info: Option "separate-uncertainty" has been deprecated in
(siunitx)             this release.
(siunitx)             
(siunitx)             Use "uncertainty-mode = separate" as a replacement.


(C:\Users\luker\AppData\Local\Programs\MiKTeX\tex/latex/stellenbosch-2\stb-nome
ncl.sty
Package: stb-nomencl 2023/07/25 v1.1 Stellenbosch Thesis Nomenclature (DNJ ELS)

\STBN@tdima=\skip75
\STBN@NomGrpSep=\skip76
\NomGrpSep=\skip77
\NomItmSep=\skip78
\NomItmMrg=\skip79
\NomLblSep=\skip80
\UnitLabelWdth=\skip81
)
(C:\Users\luker\AppData\Local\Programs\MiKTeX\tex/latex/stellenbosch-2\stb-bib.
sty
Package: stb-bib 2023/01/16 1.0 (DNJ Els)
)
(C:\Users\luker\AppData\Local\Programs\MiKTeX\tex/latex/tools\longtable.sty
Package: longtable 2024-10-27 v4.22 Multi-page Table package (DPC)
\LTleft=\skip82
\LTright=\skip83
\LTpre=\skip84
\LTpost=\skip85
\LTchunksize=\count364
\LTcapwidth=\dimen282
\LT@head=\box75
\LT@firsthead=\box76
\LT@foot=\box77
\LT@lastfoot=\box78
\LT@gbox=\box79
\LT@cols=\count365
\LT@rows=\count366
\c@LT@tables=\count367
\c@LT@chunks=\count368
\LT@p@ftn=\toks40
)
(C:\Users\luker\AppData\Local\Programs\MiKTeX\tex/latex/colortbl\colortbl.sty
Package: colortbl 2024/10/29 v1.0k Color table columns (DPC)
\everycr=\toks41
\minrowclearance=\skip86
\rownum=\count369
)
Package translations Info: No language package found. I am going to use `englis
h' as default language. on input line 150.

(template-stb-report-eng.aux (chaps-front/chap-plagiarism.aux)
(chaps-front/chap-AI-use-2024.aux) (chaps-front/chap-summary.aux)
(chaps-front/chap-acknowledge.aux) (chaps-front/chap-ecsa.aux)
(chaps-front/chap-symbols.aux) (chaps-main/chap-intro.aux)
(chaps-main/chap-literature.aux

LaTeX Warning: Label `fig:photosynthesis' multiply defined.


LaTeX Warning: Label `fig:photosynthesis' multiply defined.


LaTeX Warning: Label `fig:photosynthesis' multiply defined.

) (chaps-main/chap-concept.aux) (chaps-main/chap-Detailed_design.aux

LaTeX Warning: Label `fig:image1' multiply defined.


LaTeX Warning: Label `sub@fig:image1' multiply defined.


LaTeX Warning: Label `fig:image2' multiply defined.


LaTeX Warning: Label `sub@fig:image2' multiply defined.


LaTeX Warning: Label `fig:side_by_side' multiply defined.


LaTeX Warning: Label `fig:air_circulation' multiply defined.

) (chaps-main/chap-integration.aux

LaTeX Warning: Label `fig:lcd_screen' multiply defined.

) (chaps-main/chap-Design_Evaluation.aux
! Missing \endcsname inserted.
<to be read again> 
                   \protect 
l.53 ...bscript {2} Profile}{figure.caption.81}{}}
                                                  
The control sequence marked <to be read again> should
not appear between \csname and \endcsname.

! Missing \endcsname inserted.
<to be read again> 
                   \protect 
l.53 ...bscript {2} Profile}{figure.caption.81}{}}
                                                  
The control sequence marked <to be read again> should
not appear between \csname and \endcsname.


! LaTeX Error: Missing \begin{document}.

See the LaTeX manual or LaTeX Companion for explanation.
Type  H <return>  for immediate help.
 ...                                              
                                                  
l.53 ...bscript {2} Profile}{figure.caption.81}{}}
                                                  
You're in trouble here.  Try typing  <return>  to proceed.
If that doesn't work, type  X <return>  to quit.

! Extra \endcsname.
\@namedef ...xpandafter \def \csname #1\endcsname 
                                                  
l.53 ...bscript {2} Profile}{figure.caption.81}{}}
                                                  
I'm ignoring this, since I wasn't doing a \csname.

LaTeX Font Info:    Font shape `TU/CambriaMath(2)/m/n' will be
(Font)              scaled to size 12.00128pt on input line 53.
LaTeX Font Info:    Font shape `TU/CambriaMath(2)/m/n' will be
(Font)              scaled to size 8.76093pt on input line 53.
LaTeX Font Info:    Font shape `TU/CambriaMath(2)/m/n' will be
(Font)              scaled to size 7.20076pt on input line 53.
LaTeX Font Info:    Font shape `TU/CambriaMath(3)/m/n' will be
(Font)              scaled to size 11.99872pt on input line 53.
LaTeX Font Info:    Font shape `TU/CambriaMath(3)/m/n' will be
(Font)              scaled to size 8.75905pt on input line 53.
LaTeX Font Info:    Font shape `TU/CambriaMath(3)/m/n' will be
(Font)              scaled to size 7.19922pt on input line 53.
) (chaps-main/chap-conclusion.aux))
\openout1 = `template-stb-report-eng.aux'.

LaTeX Font Info:    Checking defaults for OML/cmm/m/it on input line 150.
LaTeX Font Info:    ... okay on input line 150.
LaTeX Font Info:    Checking defaults for OMS/cmsy/m/n on input line 150.
LaTeX Font Info:    ... okay on input line 150.
LaTeX Font Info:    Checking defaults for OT1/cmr/m/n on input line 150.
LaTeX Font Info:    ... okay on input line 150.
LaTeX Font Info:    Checking defaults for T1/cmr/m/n on input line 150.
LaTeX Font Info:    ... okay on input line 150.
LaTeX Font Info:    Checking defaults for TS1/cmr/m/n on input line 150.
LaTeX Font Info:    ... okay on input line 150.
LaTeX Font Info:    Checking defaults for TU/lmr/m/n on input line 150.
LaTeX Font Info:    ... okay on input line 150.
LaTeX Font Info:    Checking defaults for OMX/cmex/m/n on input line 150.
LaTeX Font Info:    ... okay on input line 150.
LaTeX Font Info:    Checking defaults for U/cmr/m/n on input line 150.
LaTeX Font Info:    ... okay on input line 150.
LaTeX Font Info:    Checking defaults for PD1/pdf/m/n on input line 150.
LaTeX Font Info:    ... okay on input line 150.
LaTeX Font Info:    Checking defaults for PU/pdf/m/n on input line 150.
LaTeX Font Info:    ... okay on input line 150.

*geometry* driver: auto-detecting
*geometry* detected driver: xetex
*geometry* verbose mode - [ preamble ] result:
* driver: xetex
* paper: a4paper
* layout: <same size as paper>
* layoutoffset:(h,v)=(0.0pt,0.0pt)
* hratio: 1:1
* vratio: 2:3
* modes: twoside 
* h-part:(L,W,R)=(72.26999pt, 452.9679pt, 72.26999pt)
* v-part:(T,H,B)=(72.26999pt, 700.50687pt, 72.26999pt)
* \paperwidth=597.50787pt
* \paperheight=845.04684pt
* \textwidth=452.9679pt
* \textheight=700.50687pt
* \oddsidemargin=0.0pt
* \evensidemargin=0.0pt
* \topmargin=-31.8738pt
* \headheight=12.0pt
* \headsep=19.8738pt
* \topskip=12.0pt
* \footskip=30.0pt
* \marginparwidth=50.0pt
* \marginparsep=7.0pt
* \columnsep=10.0pt
* \skip\footins=10.8pt plus 4.0pt minus 2.0pt
* \hoffset=0.0pt
* \voffset=0.0pt
* \mag=1000
* \@twocolumnfalse
* \@twosidetrue
* \@mparswitchtrue
* \@reversemarginfalse
* (1in=72.27pt=25.4mm, 1cm=28.453pt)

File: stb-logo-vert.pdf Graphic file (type pdf)
<use stb-logo-vert.pdf>
Package hyperref Info: Link coloring ON on input line 150.
(template-stb-report-eng.out) (template-stb-report-eng.out)
\@outlinefile=\write4
\openout4 = `template-stb-report-eng.out'.

Package caption Info: Begin \AtBeginDocument code.
Package caption Info: float package is loaded.
Package caption Info: longtable package is loaded.

(C:\Users\luker\AppData\Local\Programs\MiKTeX\tex/latex/caption\ltcaption.sty
Package: ltcaption 2021/01/08 v1.4c longtable captions (AR)
)
Package caption Info: threeparttable package is loaded.
Package caption Info: End \AtBeginDocument code.

Package chemgreek Info: Activating mapping `fontspec' on line 150.


(C:\Users\luker\AppData\Local\Programs\MiKTeX\tex/latex/translations/dicts\tran
slations-basic-dictionary-english.trsl
File: translations-basic-dictionary-english.trsl (english translation file `tra
nslations-basic-dictionary')

Underfull \hbox (badness 10000) in paragraph at lines 53--26

 []

)
Package translations Info: loading dictionary `translations-basic-dictionary' f
or `english'. on input line 150.


LaTeX Font Info:    Font shape `TU/Cambria(0)/m/sl' in size <12> not available
(Font)              Font shape `TU/Cambria(0)/m/it' tried instead on input line
 152.
[1

]
LaTeX Font Info:    Font shape `TU/CambriaMath(2)/m/n' will be
(Font)              scaled to size 14.40152pt on input line 154.
LaTeX Font Info:    Font shape `TU/CambriaMath(2)/m/n' will be
(Font)              scaled to size 10.00107pt on input line 154.
LaTeX Font Info:    Font shape `TU/CambriaMath(2)/m/n' will be
(Font)              scaled to size 7.00075pt on input line 154.
LaTeX Font Info:    Font shape `TU/CambriaMath(3)/m/n' will be
(Font)              scaled to size 14.39845pt on input line 154.
LaTeX Font Info:    Font shape `TU/CambriaMath(3)/m/n' will be
(Font)              scaled to size 9.99893pt on input line 154.
LaTeX Font Info:    Font shape `TU/CambriaMath(3)/m/n' will be
(Font)              scaled to size 6.99925pt on input line 154.


[1


]
\openout2 = `chaps-front/chap-plagiarism.aux'.

 (chaps-front/chap-plagiarism.tex
File: figs/sign.png Graphic file (type bmp)
<figs/sign.png>
)

[2

]
\openout2 = `chaps-front/chap-AI-use-2024.aux'.

 (chaps-front/chap-AI-use-2024.tex
File: figs/sign.png Graphic file (type bmp)
<figs/sign.png>
)

[3



]
\openout2 = `chaps-front/chap-summary.aux'.

 (chaps-front/chap-summary.tex)

[4



]
\openout2 = `chaps-front/chap-acknowledge.aux'.

 (chaps-front/chap-acknowledge.tex)

[5



]
\openout2 = `chaps-front/chap-ecsa.aux'.

 (chaps-front/chap-ecsa.tex)

[6



] (template-stb-report-eng.toc

[7


]

[8])
\tf@toc=\write5
\openout5 = `template-stb-report-eng.toc'.

 (template-stb-report-eng.lof

[9])
\tf@lof=\write6
\openout6 = `template-stb-report-eng.lof'.

 (template-stb-report-eng.lot

[10])
\tf@lot=\write7
\openout7 = `template-stb-report-eng.lot'.



[11]
\openout2 = `chaps-front/chap-symbols.aux'.

 (chaps-front/chap-symbols.tex
Underfull \hbox (badness 10000) in paragraph at lines 15--16

 []



[12

])

[13]
\openout2 = `chaps-main/chap-intro.aux'.

 (chaps-main/chap-intro.tex

[1




])

[2]
\openout2 = `chaps-main/chap-literature.aux'.

 (chaps-main/chap-literature.tex
Overfull \hbox (21.60687pt too wide) in paragraph at lines 1--1
[]\TU/Cambria(0)/b/n/24.88 Literature review and market research 
 []


Overfull \hbox (20.35336pt too wide) in paragraph at lines 3--3
[]\TU/Cambria(0)/b/n/17.28 Environmental Requirements for Optimal Plant Growth 

 []



[3



]
File: figs/Co2.jpg Graphic file (type bmp)
<figs/Co2.jpg>
LaTeX Font Info:    Font shape `TU/CambriaMath(2)/m/n' will be
(Font)              scaled to size 10.95116pt on input line 54.
LaTeX Font Info:    Font shape `TU/CambriaMath(2)/m/n' will be
(Font)              scaled to size 8.00085pt on input line 54.
LaTeX Font Info:    Font shape `TU/CambriaMath(2)/m/n' will be
(Font)              scaled to size 6.00064pt on input line 54.
LaTeX Font Info:    Font shape `TU/CambriaMath(3)/m/n' will be
(Font)              scaled to size 10.94882pt on input line 54.
LaTeX Font Info:    Font shape `TU/CambriaMath(3)/m/n' will be
(Font)              scaled to size 7.99915pt on input line 54.
LaTeX Font Info:    Font shape `TU/CambriaMath(3)/m/n' will be
(Font)              scaled to size 5.99936pt on input line 54.


LaTeX Warning: `h' float specifier changed to `ht'.



[4]
Overfull \hbox (0.34999pt too wide) in paragraph at lines 64--65
[]\TU/Cambria(0)/m/n/12 To monitor soil moisture effectively, \TU/Cambria(0)/b/
n/12 Volumetric Water Content (VWC) \TU/Cambria(0)/m/n/12 is commonly used.
 []



[5]
File: figs/types.png Graphic file (type bmp)
<figs/types.png>


[6]
File: figs/inclination.png Graphic file (type bmp)
<figs/inclination.png>
File: figs/sawtooth.jpg Graphic file (type bmp)
<figs/sawtooth.jpg>


LaTeX Warning: `h' float specifier changed to `ht'.



[7]
Overfull \hbox (6.64651pt too wide) in paragraph at lines 125--126
[]\TU/Cambria(0)/b/n/12 Framing Materials: \TU/Cambria(0)/m/n/12 Common framing
 materials include wood, steel, and aluminium. While
 []


Overfull \hbox (3.56082pt too wide) in paragraph at lines 133--134
[]\TU/Cambria(0)/b/n/12 Plastic Film Greenhouses: \TU/Cambria(0)/m/n/12 Covered
 with flexible materials such as polyethylene, polyvinyl
 []


Overfull \hbox (5.21161pt too wide) in paragraph at lines 135--136
[]\TU/Cambria(0)/b/n/12 Rigid Panel Greenhouses: \TU/Cambria(0)/m/n/12 Made fro
m polycarbonate, fiberglass-reinforced plastic, acrylic,
 []



[8]

[9]

[10]
File: figs/airflow1.jpg Graphic file (type bmp)
<figs/airflow1.jpg>
File: figs/airflow2.jpg Graphic file (type bmp)
<figs/airflow2.jpg>


[11]

[12]

[13])

[14]
\openout2 = `chaps-main/chap-concept.aux'.

 (chaps-main/chap-concept.tex
Underfull \hbox (badness 3000) in paragraph at lines 43--43
[]|\TU/Cambria(0)/m/n/10.95 Irrigation system allowing for control of soil
 []


Overfull \hbox (9.06104pt too wide) in paragraph at lines 31--58
 [][] 
 []



[15



]
Underfull \hbox (badness 10000) in paragraph at lines 119--119
[]|\TU/Cambria(0)/b/n/12 PR
 []


Underfull \hbox (badness 10000) in paragraph at lines 119--119
\TU/Cambria(0)/b/n/12 Num-
 []


Underfull \hbox (badness 10000) in paragraph at lines 119--120
[]|\TU/Cambria(0)/b/n/12 Related
 []


Underfull \hbox (badness 10000) in paragraph at lines 119--120
\TU/Cambria(0)/b/n/12 Stakeholder
 []


Underfull \hbox (badness 10000) in paragraph at lines 119--120
\TU/Cambria(0)/b/n/12 Require-
 []


Underfull \hbox (badness 10000) in paragraph at lines 125--125
[]|\TU/Cambria(0)/m/n/12 Temperature sensing
 []


Underfull \hbox (badness 10000) in paragraph at lines 139--139
[]|\TU/Cambria(0)/m/n/12 Control soil moisture
 []


Underfull \hbox (badness 10000) in paragraph at lines 143--143
[]|\TU/Cambria(0)/m/n/12 Supplemental lighting
 []

LaTeX Font Info:    Font shape `TU/CambriaMath(2)/m/n' will be
(Font)              scaled to size 5.00053pt on input line 152.
LaTeX Font Info:    Font shape `TU/CambriaMath(3)/m/n' will be
(Font)              scaled to size 4.99947pt on input line 152.

Overfull \hbox (46.26997pt too wide) in paragraph at lines 116--159
 [] 
 []



[16]

[17]

[18]
File: figs/Funct.png Graphic file (type bmp)
<figs/Funct.png>


[19]
Overfull \hbox (4.48178pt too wide) in paragraph at lines 200--200
 []|\TU/Cambria(0)/b/n/12 Weight 
 []


Underfull \hbox (badness 10000) in paragraph at lines 202--202
[]|\TU/Cambria(0)/m/n/12 Temperature
 []


Underfull \hbox (badness 1655) in paragraph at lines 202--203
[]|\TU/Cambria(0)/m/n/12 All options allow moderate
 []


Underfull \hbox (badness 6461) in paragraph at lines 204--205
[]|\TU/Cambria(0)/m/n/12 Lean-to can require fewer
 []


Underfull \hbox (badness 4060) in paragraph at lines 204--205
\TU/Cambria(0)/m/n/12 materials by leveraging an
 []


Underfull \hbox (badness 1859) in paragraph at lines 204--205
\TU/Cambria(0)/m/n/12 existing wall; even span is
 []


Underfull \hbox (badness 10000) in paragraph at lines 206--206
[]|\TU/Cambria(0)/m/n/12 Space Efficiency
 []


Underfull \hbox (badness 1215) in paragraph at lines 206--207
[]|\TU/Cambria(0)/m/n/12 Lean-to can optimize space
 []


Underfull \hbox (badness 6691) in paragraph at lines 206--207
\TU/Cambria(0)/m/n/12 against a building; others
 []


Underfull \hbox (badness 4441) in paragraph at lines 206--207
\TU/Cambria(0)/m/n/12 require more free-standing
 []


Underfull \hbox (badness 6157) in paragraph at lines 208--209
\TU/Cambria(0)/m/n/12 covering costs; even span
 []


Underfull \hbox (badness 10000) in paragraph at lines 208--209
\TU/Cambria(0)/m/n/12 moderate; arch requires
 []


Overfull \hbox (19.55199pt too wide) in paragraph at lines 198--213
 [][] 
 []


Overfull \hbox (1.10208pt too wide) in paragraph at lines 254--254
 []|\TU/Cambria(0)/b/n/10.95 Weight 
 []


Underfull \hbox (badness 5036) in paragraph at lines 254--254
\TU/Cambria(0)/m/n/10.95 to breakage; soft plastic
 []


Underfull \hbox (badness 10000) in paragraph at lines 254--254
\TU/Cambria(0)/m/n/10.95 tears/UV-degrades; Per-
 []


Underfull \hbox (badness 10000) in paragraph at lines 254--254
\TU/Cambria(0)/m/n/10.95 spex is impact-resistant
 []


Underfull \hbox (badness 4266) in paragraph at lines 254--254
[]|\TU/Cambria(0)/m/n/10.95 Glass is heavy and diffi-
 []


Underfull \hbox (badness 1052) in paragraph at lines 254--254
\TU/Cambria(0)/m/n/10.95 easier to handle; Perspex
 []


Underfull \hbox (badness 10000) in paragraph at lines 254--254
\TU/Cambria(0)/m/n/10.95 reasonable insulation;
 []


Underfull \hbox (badness 1303) in paragraph at lines 254--254
\TU/Cambria(0)/m/n/10.95 thin soft plastic performs
 []



[20]
Overfull \hbox (4.48178pt too wide) in paragraph at lines 286--286
 []|\TU/Cambria(0)/b/n/12 Weight 
 []


Overfull \hbox (7.79819pt too wide) in paragraph at lines 286--286
 []|\TU/Cambria(0)/b/n/12 Electric 
 []


Overfull \hbox (3.43295pt too wide) in paragraph at lines 286--286
 \TU/Cambria(0)/b/n/12 Heater| 
 []


Overfull \hbox (3.43295pt too wide) in paragraph at lines 286--286
 \TU/Cambria(0)/b/n/12 Heater| 
 []


Underfull \hbox (badness 1983) in paragraph at lines 286--286
[]|\TU/Cambria(0)/m/n/12 Gas provides strong heating;
 []


Underfull \hbox (badness 2443) in paragraph at lines 286--286
[]|\TU/Cambria(0)/m/n/12 Gas fuel is cheaper; electric
 []


Underfull \hbox (badness 10000) in paragraph at lines 286--286
\TU/Cambria(0)/m/n/12 moderate; lamps inefficient
 []



[21]
Overfull \hbox (8.02951pt too wide) in paragraph at lines 295--300
\TU/Cambria(0)/m/n/12 as this is the primary purpose of cooling. Cost effective
ness (30%) was also heavily weighted
 []


Overfull \hbox (3.13554pt too wide) in paragraph at lines 326--326
 []|\TU/Cambria(0)/b/n/10 Evaporative 
 []


Underfull \hbox (badness 6842) in paragraph at lines 326--326
\TU/Cambria(0)/m/n/10 ity; misting adds moderate
 []


Underfull \hbox (badness 10000) in paragraph at lines 326--326
[]|\TU/Cambria(0)/m/n/10 Fans + simple controls vs.
 []


Underfull \hbox (badness 10000) in paragraph at lines 326--326
\TU/Cambria(0)/m/n/10 pumps, pads, and ducting;
 []


Underfull \hbox (badness 6842) in paragraph at lines 326--326
[]|\TU/Cambria(0)/m/n/10 DC/efficient fans suit solar;
 []


Underfull \hbox (badness 10000) in paragraph at lines 326--326
\TU/Cambria(0)/m/n/10 evaporative modules draw
 []


Underfull \hbox (badness 10000) in paragraph at lines 326--326
[]|\TU/Cambria(0)/m/n/10 Ventilation: moderate
 []


Underfull \hbox (badness 10000) in paragraph at lines 326--326
\TU/Cambria(0)/m/n/10 capex/opex; evaporative:
 []


Underfull \hbox (badness 2088) in paragraph at lines 326--326
\TU/Cambria(0)/m/n/10 ing: low capex but ongoing
 []



[22]
Overfull \hbox (4.00867pt too wide) in paragraph at lines 337--338
\TU/Cambria(0)/m/n/12 The weighting was selected to reflect the importance of r
eliable soil moisture control (30%)
 []


Underfull \hbox (badness 1584) in paragraph at lines 361--361
\TU/Cambria(0)/m/n/10.95 roots well; misting less
 []


Underfull \hbox (badness 10000) in paragraph at lines 361--361
\TU/Cambria(0)/m/n/10.95 ebb-flow complex with
 []


Underfull \hbox (badness 10000) in paragraph at lines 361--361
[]|\TU/Cambria(0)/m/n/10.95 Drip can run on so-
 []


Underfull \hbox (badness 10000) in paragraph at lines 361--361
\TU/Cambria(0)/m/n/10.95 lar pumps; ebb-flow
 []


Underfull \hbox (badness 10000) in paragraph at lines 361--361
\TU/Cambria(0)/m/n/10.95 requires circulation;
 []


Underfull \hbox (badness 10000) in paragraph at lines 361--361
[]|\TU/Cambria(0)/m/n/10.95 Only misting can
 []


Underfull \hbox (badness 10000) in paragraph at lines 361--361
\TU/Cambria(0)/m/n/10.95 also improve humid-
 []


Underfull \hbox (badness 10000) in paragraph at lines 361--361
[]|\TU/Cambria(0)/m/n/10.95 Drip and misting af-
 []


Underfull \hbox (badness 10000) in paragraph at lines 361--361
\TU/Cambria(0)/m/n/10.95 fordable; ebb-flow
 []



[23]
Overfull \hbox (4.48178pt too wide) in paragraph at lines 385--385
 []|\TU/Cambria(0)/b/n/12 Weight 
 []


Overfull \hbox (6.72832pt too wide) in paragraph at lines 385--385
 []|\TU/Cambria(0)/b/n/12 Raspberry 
 []


Underfull \hbox (badness 10000) in paragraph at lines 387--387
[]|\TU/Cambria(0)/m/n/12 Input/Output
 []


Underfull \hbox (badness 3199) in paragraph at lines 387--388
[]|\TU/Cambria(0)/m/n/12 ESP32 has more versatile
 []


Underfull \hbox (badness 3250) in paragraph at lines 387--388
\TU/Cambria(0)/m/n/12 GPIO including analog in-
 []


Underfull \hbox (badness 1014) in paragraph at lines 387--388
\TU/Cambria(0)/m/n/12 puts; Pi and Arduino pro-
 []


Underfull \hbox (badness 10000) in paragraph at lines 389--389
[]|\TU/Cambria(0)/m/n/12 Ease of Pro-
 []


Underfull \hbox (badness 10000) in paragraph at lines 389--390
[]|\TU/Cambria(0)/m/n/12 All three have strong
 []


Underfull \hbox (badness 10000) in paragraph at lines 389--390
\TU/Cambria(0)/m/n/12 community support and
 []


Underfull \hbox (badness 6063) in paragraph at lines 389--390
\TU/Cambria(0)/m/n/12 beginner-friendly develop-
 []


Underfull \hbox (badness 10000) in paragraph at lines 391--391
[]|\TU/Cambria(0)/m/n/12 WiFi Capabili-
 []


Underfull \hbox (badness 10000) in paragraph at lines 391--392
\TU/Cambria(0)/m/n/12 by default; Arduino re-
 []


Underfull \hbox (badness 10000) in paragraph at lines 391--392
\TU/Cambria(0)/m/n/12 quires shields/modules,
 []


Underfull \hbox (badness 6173) in paragraph at lines 391--392
\TU/Cambria(0)/m/n/12 increasing cost and com-
 []


Underfull \hbox (badness 10000) in paragraph at lines 393--393
[]|\TU/Cambria(0)/m/n/12 Power Con-
 []


Underfull \hbox (badness 4995) in paragraph at lines 393--394
[]|\TU/Cambria(0)/m/n/12 Raspberry Pi is relatively
 []


Underfull \hbox (badness 10000) in paragraph at lines 395--395
[]|\TU/Cambria(0)/m/n/12 Cost Effective-
 []


Underfull \hbox (badness 10000) in paragraph at lines 395--396
[]|\TU/Cambria(0)/m/n/12 ESP32 offers the best
 []


Underfull \hbox (badness 4872) in paragraph at lines 395--396
\TU/Cambria(0)/m/n/12 feature-to-price ratio; Ar-
 []


Underfull \hbox (badness 1590) in paragraph at lines 395--396
\TU/Cambria(0)/m/n/12 duino is low-cost but less
 []


Underfull \hbox (badness 7740) in paragraph at lines 395--396
\TU/Cambria(0)/m/n/12 capable; Raspberry Pi is
 []


Underfull \hbox (badness 10000) in paragraph at lines 397--397
[]|\TU/Cambria(0)/b/n/12 Weighted To-
 []


Overfull \hbox (31.55199pt too wide) in paragraph at lines 383--400
 [][] 
 []



[24]
File: figs/phys1.png Graphic file (type bmp)
<figs/phys1.png>


[25]
File: figs/phys2.png Graphic file (type bmp)
<figs/phys2.png>
File: figs/phys3.png Graphic file (type bmp)
<figs/phys3.png>
File: figs/phys4.png Graphic file (type bmp)
<figs/phys4.png>


[26])

[27]
\openout2 = `chaps-main/chap-Detailed_design.aux'.

 (chaps-main/chap-Detailed_design.tex
File: figs/frame.png Graphic file (type bmp)
<figs/frame.png>
File: figs/front.png Graphic file (type bmp)
<figs/front.png>
File: figs/anotated.png Graphic file (type bmp)
<figs/anotated.png>


[28



]

[29]
File: figs/whirlpool.png Graphic file (type bmp)
<figs/whirlpool.png>


[30]
File: figs/ventcalc.png Graphic file (type bmp)
<figs/ventcalc.png>


[31]
File: figs/fancalcs.png Graphic file (type bmp)
<figs/fancalcs.png>


[32]
Overfull \hbox (14.8891pt too wide) in paragraph at lines 118--119
\TU/Cambria(0)/m/n/12 ventilation to prevent control center overheating. A stra
tegically positioned HAF fan mounted
 []



[33]
File: figs/airflow1.png Graphic file (type bmp)
<figs/airflow1.png>


[34]

Package natbib Warning: Citation `manclim' on page 35 undefined on input line 1
46.


Overfull \hbox (10.50125pt too wide) in paragraph at lines 146--147
\TU/Cambria(0)/m/n/12 heating, while still permitting adequate airflow for accu
rate environmental readings through
 []

File: figs/steven.png Graphic file (type bmp)
<figs/steven.png>


[35]

[36]
Overfull \hbox (14.44943pt too wide) in paragraph at lines 232--233
\TU/Cambria(0)/m/n/12 abling the automated misting system to deliver precise ir
rigation when needed. The SEN0114
 []



[37]
Overfull \hbox (1.47597pt too wide) in paragraph at lines 264--265
[]\TU/Cambria(0)/b/n/12 Software Implementation: \TU/Cambria(0)/m/n/12 In the m
icrocontroller code, map subsequent ADC read-
 []

LaTeX Font Info:    Font shape `TU/Consolas(0)/m/n' will be
(Font)              scaled to size 11.42633pt on input line 289.


[38]
File: figs/LCD.jpg Graphic file (type bmp)
<figs/LCD.jpg>


[39]

[40])

[41]
\openout2 = `chaps-main/chap-integration.aux'.

 (chaps-main/chap-integration.tex

[42



]
File: figs/wiringpd.pdf Graphic file (type pdf)
<use figs/wiringpd.pdf>


LaTeX Warning: Float too large for page by 66.09665pt on input line 18.



[43]
File: figs/soft1.png Graphic file (type bmp)
<figs/soft1.png>


[44


]
File: figs/soft2.png Graphic file (type bmp)
<figs/soft2.png>
File: figs/soft3.png Graphic file (type bmp)
<figs/soft3.png>
File: figs/soft4.png Graphic file (type bmp)
<figs/soft4.png>
File: figs/soft5.png Graphic file (type bmp)
<figs/soft5.png>
File: figs/soft6.png Graphic file (type bmp)
<figs/soft6.png>
)

[45]

[46]

[47]
\openout2 = `chaps-main/chap-Design_Evaluation.aux'.

 (chaps-main/chap-Design_Evaluation.tex
File: figs/dthtest.jpg Graphic file (type bmp)
<figs/dthtest.jpg>


[48



]

[49]
File: figs/soiltest.jpg Graphic file (type bmp)
<figs/soiltest.jpg>


[50]
File: figs/lighttest2.jpg Graphic file (type bmp)
<figs/lighttest2.jpg>


Package hyperref Warning: Token not allowed in a PDF string (Unicode):
(hyperref)                removing `\mathsurround' on input line 102.


Package hyperref Warning: Token not allowed in a PDF string (Unicode):
(hyperref)                removing `\z@' on input line 102.


Package hyperref Warning: Token not allowed in a PDF string (Unicode):
(hyperref)                removing `subscript' on input line 102.

File: figs/CO2test.jpg Graphic file (type bmp)
<figs/CO2test.jpg>


[51]
Underfull \hbox (badness 4739) in paragraph at lines 137--137
[]|\TU/Cambria(0)/m/n/12 12V applied directly, then via
 []


Underfull \hbox (badness 3229) in paragraph at lines 137--137
\TU/Cambria(0)/m/n/12 relay control. Bulk and high-
 []


Underfull \hbox (badness 7433) in paragraph at lines 137--137
\TU/Cambria(0)/m/n/12 frequency capacitors added to
 []


Underfull \hbox (badness 10000) in paragraph at lines 137--138
[]|\TU/Cambria(0)/m/n/12 Audible switching confirmed;
 []


Underfull \hbox (badness 10000) in paragraph at lines 137--138
\TU/Cambria(0)/m/n/12 misting nozzles activated and
 []


Underfull \hbox (badness 10000) in paragraph at lines 139--140
[]|\TU/Cambria(0)/m/n/12 Extension and retraction ob-
 []


Underfull \hbox (badness 3098) in paragraph at lines 139--140
\TU/Cambria(0)/m/n/12 served correctly in both direc-
 []


Underfull \hbox (badness 10000) in paragraph at lines 139--140
\TU/Cambria(0)/m/n/12 tions. Relay control verified
 []


Underfull \hbox (badness 10000) in paragraph at lines 141--141
[]|\TU/Cambria(0)/m/n/12 Supplemental
 []


Underfull \hbox (badness 10000) in paragraph at lines 141--141
[]|\TU/Cambria(0)/m/n/12 5V applied directly, then
 []


Underfull \hbox (badness 10000) in paragraph at lines 143--143
[]|\TU/Cambria(0)/m/n/12 Intake / HAF
 []


Underfull \hbox (badness 7099) in paragraph at lines 143--144
[]|\TU/Cambria(0)/m/n/12 Fans powered on successfully;
 []


Overfull \hbox (11.42339pt too wide) in paragraph at lines 133--146
 [][] 
 []



[52]
File: figs/dash.png Graphic file (type bmp)
<figs/dash.png>


[53]
File: figs/blynk.jpeg Graphic file (type bmp)
<figs/blynk.jpeg>


[54]
File: figs/setup.jpeg Graphic file (type bmp)
<figs/setup.jpeg>


[55]
File: figs/temp_n.png Graphic file (type bmp)
<figs/temp_n.png>
File: figs/temp_a.png Graphic file (type bmp)
<figs/temp_a.png>
File: figs/hum_n.png Graphic file (type bmp)
<figs/hum_n.png>
File: figs/hum_a.png Graphic file (type bmp)
<figs/hum_a.png>


[56]
File: figs/soil_n.png Graphic file (type bmp)
<figs/soil_n.png>
File: figs/soil_a.png Graphic file (type bmp)
<figs/soil_a.png>


[57]

Package hyperref Warning: Token not allowed in a PDF string (Unicode):
(hyperref)                removing `\mathsurround' on input line 285.


Package hyperref Warning: Token not allowed in a PDF string (Unicode):
(hyperref)                removing `\z@' on input line 285.


Package hyperref Warning: Token not allowed in a PDF string (Unicode):
(hyperref)                removing `subscript' on input line 285.

File: figs/co2data.png Graphic file (type bmp)
<figs/co2data.png>


[58]
File: figs/lux.png Graphic file (type bmp)
<figs/lux.png>

! Extra }, or forgotten \endgroup.
l.302 ^^I\caption{Lux Profile}}}
                                
I've deleted a group-closing symbol because it seems to be
spurious, as in `$x}$'. But perhaps the } is legitimate and
you forgot something else, as in `\hbox{$x}'. In such cases
the way to recover is to insert both the forgotten and the
deleted material, e.g., by typing `I$}'.

! Extra }, or forgotten \endgroup.
\@endfloatbox ...pagefalse \outer@nobreak \egroup 
                                                  \color@endbox 
l.304 \end{figure}
                  
I've deleted a group-closing symbol because it seems to be
spurious, as in `$x}$'. But perhaps the } is legitimate and
you forgot something else, as in `\hbox{$x}'. In such cases
the way to recover is to insert both the forgotten and the
deleted material, e.g., by typing `I$}'.


Overfull \hbox (12.3677pt too wide) in paragraph at lines 306--312
\TU/Cambria(0)/m/n/12 LED lighting. As calculated in Appendix D, the LED was de
signed to provide [][]
 []

File: figs/greens.jpeg Graphic file (type bmp)
<figs/greens.jpeg>


[59])

[60]
\openout2 = `chaps-main/chap-conclusion.aux'.

 (chaps-main/chap-conclusion.tex)

[61



] (chaps-append/chap-planning.tex
File: figs/cost.png Graphic file (type bmp)
<figs/cost.png>


[62


]

! LaTeX Error: Environment sidewaysfigure undefined.

See the LaTeX manual or LaTeX Companion for explanation.
Type  H <return>  for immediate help.
 ...                                              
                                                  
l.19 \begin{sidewaysfigure}
                           
Your command was ignored.
Type  I <command> <return>  to replace it with another command,
or  <return>  to continue without it.

File: figs/gant.png Graphic file (type bmp)
<figs/gant.png>

! Package caption Error: \caption outside float.

See the caption package documentation for explanation.
Type  H <return>  for immediate help.
 ...                                              
                                                  
l.22 ^^I\caption
                {Gantt Chart}
If you do not understand this error, please take a closer look
at the documentation of the `caption' package, especially the
section about errors.
Try typing  <return>  to proceed.
If that doesn't work, type  X <return>  to quit.


! LaTeX Error: \begin{landscape} on input line 14 ended by \end{sidewaysfigure}
.

See the LaTeX manual or LaTeX Companion for explanation.
Type  H <return>  for immediate help.
 ...                                              
                                                  
l.24 \end{sidewaysfigure}
                         
Your command was ignored.
Type  I <command> <return>  to replace it with another command,
or  <return>  to continue without it.



[63

]
Overfull \hbox (0.1217pt too wide) in paragraph at lines 40--41
\TU/Cambria(0)/m/n/12 ual labour requirements, lowering maintenance and supervi
sion costs over time. Although
 []


Overfull \hbox (2.49149pt too wide) in paragraph at lines 40--41
\TU/Cambria(0)/m/n/12 tronics, these expenses are recovered through long-term o
perational savings and improved
 []

) (chaps-append/risk.tex

[64

]

[65]
Overfull \hbox (4.54227pt too wide) in paragraph at lines 35--36
[]\TU/Cambria(0)/m/n/12 All wiring must be insulated, with connections clearly 
labeled and weather-protected. 
 []


Underfull \hbox (badness 10000) in paragraph at lines 94--94
[]|\TU/Cambria(0)/b/n/10 Risk
 []


Underfull \hbox (badness 10000) in paragraph at lines 94--94
[]|\TU/Cambria(0)/b/n/10 Risk
 []


Underfull \hbox (badness 10000) in paragraph at lines 94--94
[]|\TU/Cambria(0)/m/n/10 Tripping on loose cable or
 []


Underfull \hbox (badness 10000) in paragraph at lines 94--94
[]|\TU/Cambria(0)/m/n/10 Work taking
 []


Underfull \hbox (badness 10000) in paragraph at lines 94--94
[]|\TU/Cambria(0)/m/n/10 Accidentally contacting hot
 []


Overfull \hbox (3.902pt too wide) in paragraph at lines 94--94
[]|\TU/Cambria(0)/m/n/10 Medium| 
 []


Underfull \hbox (badness 10000) in paragraph at lines 94--94
[]|\TU/Cambria(0)/m/n/10 Incorrect wiring may cause
 []


Underfull \hbox (badness 4024) in paragraph at lines 94--94
[]|\TU/Cambria(0)/m/n/10 Soldering con-
 []


Underfull \hbox (badness 10000) in paragraph at lines 94--94
\TU/Cambria(0)/m/n/10 nections of
 []


Underfull \hbox (badness 2173) in paragraph at lines 94--94
[]|\TU/Cambria(0)/m/n/10 Accidentally contact with the
 []


Underfull \hbox (badness 6842) in paragraph at lines 94--94
\TU/Cambria(0)/m/n/10 soldering iron can result in
 []


Underfull \hbox (badness 1184) in paragraph at lines 94--94
\TU/Cambria(0)/m/n/10 burns to the user or damage
 []


Overfull \hbox (3.902pt too wide) in paragraph at lines 94--94
[]|\TU/Cambria(0)/m/n/10 Medium| 
 []


Underfull \hbox (badness 1072) in paragraph at lines 94--94
[]|\TU/Cambria(0)/m/n/10 Keep a clean soldering work-
 []


Underfull \hbox (badness 10000) in paragraph at lines 94--94
[]|\TU/Cambria(0)/m/n/10 Handling flu-
 []


Underfull \hbox (badness 10000) in paragraph at lines 94--94
\TU/Cambria(0)/m/n/10 ids near the
 []


Underfull \hbox (badness 10000) in paragraph at lines 94--94
\TU/Cambria(0)/m/n/10 system and
 []


Underfull \hbox (badness 10000) in paragraph at lines 94--94
\TU/Cambria(0)/m/n/10 operation of
 []


Underfull \hbox (badness 10000) in paragraph at lines 94--94
\TU/Cambria(0)/m/n/10 irrigation sys-
 []


Overfull \hbox (3.902pt too wide) in paragraph at lines 94--94
[]|\TU/Cambria(0)/m/n/10 Medium| 
 []


Underfull \hbox (badness 1460) in paragraph at lines 94--94
\TU/Cambria(0)/m/n/10 lated before supplying power
 []


Underfull \hbox (badness 4048) in paragraph at lines 94--94
\TU/Cambria(0)/m/n/10 accessible. Include warning
 []


Underfull \hbox (badness 1990) in paragraph at lines 94--94
[]|\TU/Cambria(0)/m/n/10 Hands in the way of moving
 []


Underfull \hbox (badness 2846) in paragraph at lines 94--94
\TU/Cambria(0)/m/n/10 parts causing potential small
 []


Underfull \hbox (badness 1990) in paragraph at lines 94--94
[]|\TU/Cambria(0)/m/n/10 Hands in the way of moving
 []


Underfull \hbox (badness 2846) in paragraph at lines 94--94
\TU/Cambria(0)/m/n/10 parts causing potential small
 []

) (chaps-append/draw.tex

[66]

[67]

! LaTeX Error: Environment sidewaysfigure undefined.

See the LaTeX manual or LaTeX Companion for explanation.
Type  H <return>  for immediate help.
 ...                                              
                                                  
l.4 ^^I\begin{sidewaysfigure}
                             
Your command was ignored.
Type  I <command> <return>  to replace it with another command,
or  <return>  to continue without it.

File: figs/drawing.png Graphic file (type bmp)
<figs/drawing.png>

! Package caption Error: \caption outside float.

See the caption package documentation for explanation.
Type  H <return>  for immediate help.
 ...                                              
                                                  
l.7 ^^I^^I\caption
                  {Engineering Drawing}
If you do not understand this error, please take a closer look
at the documentation of the `caption' package, especially the
section about errors.
Try typing  <return>  to proceed.
If that doesn't work, type  X <return>  to quit.


! LaTeX Error: \begin{landscape} on input line 1 ended by \end{sidewaysfigure}.


See the LaTeX manual or LaTeX Companion for explanation.
Type  H <return>  for immediate help.
 ...                                              
                                                  
l.9 ^^I\end{sidewaysfigure}
                           
Your command was ignored.
Type  I <command> <return>  to replace it with another command,
or  <return>  to continue without it.



[68

]) (chaps-append/chap-maths.tex
File: smath2.pdf Graphic file (type pdf)
<use smath2.pdf>
File: smath2.pdf Graphic file (type pdf)
<use smath2.pdf, page 1>
File: smath2.pdf Graphic file (type pdf)
<use smath2.pdf, page 1>
File: smath2.pdf Graphic file (type pdf)
<use smath2.pdf, page 1>
File: smath2.pdf Graphic file (type pdf)
<use smath2.pdf, page 1>


File: smath2.pdf Graphic file (type pdf)
<use smath2.pdf, page 1>
[69


]
File: smath2.pdf Graphic file (type pdf)
<use smath2.pdf>
File: smath2.pdf Graphic file (type pdf)
<use smath2.pdf, page 2>
File: smath2.pdf Graphic file (type pdf)
<use smath2.pdf, page 2>
File: smath2.pdf Graphic file (type pdf)
<use smath2.pdf, page 2>
File: smath2.pdf Graphic file (type pdf)
<use smath2.pdf, page 2>


File: smath2.pdf Graphic file (type pdf)
<use smath2.pdf, page 2>
[70

]
File: smath2.pdf Graphic file (type pdf)
<use smath2.pdf, page 3>
File: smath2.pdf Graphic file (type pdf)
<use smath2.pdf, page 3>


File: smath2.pdf Graphic file (type pdf)
<use smath2.pdf, page 3>
[71

]
File: smath2.pdf Graphic file (type pdf)
<use smath2.pdf, page 4>
File: smath2.pdf Graphic file (type pdf)
<use smath2.pdf, page 4>


File: smath2.pdf Graphic file (type pdf)
<use smath2.pdf, page 4>
[72

]
File: smath2.pdf Graphic file (type pdf)
<use smath2.pdf, page 5>
File: smath2.pdf Graphic file (type pdf)
<use smath2.pdf, page 5>


File: smath2.pdf Graphic file (type pdf)
<use smath2.pdf, page 5>
[73

]
File: smath2.pdf Graphic file (type pdf)
<use smath2.pdf, page 6>
File: smath2.pdf Graphic file (type pdf)
<use smath2.pdf, page 6>


File: smath2.pdf Graphic file (type pdf)
<use smath2.pdf, page 6>
[74

]) (chaps-append/Setup.tex
File: figs/mppt.jpeg Graphic file (type bmp)
<figs/mppt.jpeg>
File: figs/LED.png Graphic file (type bmp)
<figs/LED.png>
File: figs/soilsensor.jpeg Graphic file (type bmp)
<figs/soilsensor.jpeg>
File: figs/pv.png Graphic file (type bmp)
<figs/pv.png>
File: figs/Side.jpeg Graphic file (type bmp)
<figs/Side.jpeg>
File: figs/setup.jpeg Graphic file (type bmp)
<figs/setup.jpeg>
File: figs/mist.jpeg Graphic file (type bmp)
<figs/mist.jpeg>
File: figs/room.jpeg Graphic file (type bmp)
<figs/room.jpeg>
File: figs/LCD.jpeg Graphic file (type bmp)
<figs/LCD.jpeg>
) (chaps-append/endoflife.tex

[75]
Overfull \hbox (12.93681pt too wide) in paragraph at lines 15--15
[]\TU/Cambria(0)/b/n/17.28 Strategies for Resource Conservation and Environmen-

 []


Overfull \hbox (2.85477pt too wide) in paragraph at lines 23--24
\TU/Cambria(0)/m/n/12 maintenance and replacement requirements, and support mat
erial reuse in future projects.
 []



[76])

[77] (template-stb-report-eng.bbl
(C:\Users\luker\AppData\Local\Programs\MiKTeX\tex/latex/stellenbosch-2\stb-bib.
eng)
LaTeX Font Info:    Font shape `TU/Consolas(0)/m/n' will be
(Font)              scaled to size 10.42651pt on input line 35.

Overfull \hbox (56.24257pt too wide) in paragraph at lines 38--42
\TU/Cambria(0)/m/n/10.95 Available at: [][]$[][][][][] [] [] [] [][][][] [] [][
][][][][][] [] [][][] [] [][][][][][][][][][][][][][][][][][][][][][][][][][][]
[][][][][][][][][][][][][][][][][][][][][][][][][][][][][]$[][] 
 []


Overfull \hbox (4.14967pt too wide) in paragraph at lines 44--48
\TU/Cambria(0)/m/n/10.95 Available at: [][]$[][][][][] [] [] [] [][][] [] [][][
][][] [] [][] [] [][] [] [][][][][][][][] [] [][][][][][][][][][][][][][][][][]
[][][][][][][][][][][][][][][][][][][][][]$[][] 
 []


Underfull \hbox (badness 10000) in paragraph at lines 50--55
\TU/Cambria(0)/m/n/10.95 Available at: [][]$[][][][][] [] [] [] [][][] [] [][][
][][][][][][][][][][][][][][][][][][] [] [][][] [] [][][][][][][][][][] []
 []


Underfull \hbox (badness 10000) in paragraph at lines 123--128
\TU/Cambria(0)/m/n/10.95 Available at: [][]$[][][][][] [] [] [] [][][][][][][][
][] [] [][][] [] [][][][][][][] [] [][][][] [] [][][][] []
 []


Underfull \hbox (badness 10000) in paragraph at lines 147--151
\TU/Cambria(0)/m/n/10.95 Available at: [][]$[][][][][] [] [] [] [][][][] [] [][
][][][][][][][][][][][][][] [] [][][] [] [][] [] [][][][][][][][] []
 []



[78

]
Overfull \hbox (121.30055pt too wide) in paragraph at lines 153--157
\TU/Cambria(0)/m/n/10.95 Available at: [][]$[][][][][] [] [] [] [][][] [] [][][
][][][][][][][][][][][][] [] [][][] [] [][][][] [] [][][][][][][][][][][][][][]
[][][][][][][][][][][][][][][][][][][][][][][][][][][][][][][][][][][][][][][][
][][][][][]$[][] 
 []


Underfull \hbox (badness 10000) in paragraph at lines 284--288
\TU/Cambria(0)/m/n/10.95 Available at: [][]$[][][][][] [] [] [] [][][][][] [] [
][][] [] [][][][] [] [][][][][][][][][][][][][][][][][][][][][][][][][][][][] [
] [][][][][][][] []
 []



[79]
Underfull \hbox (badness 10000) in paragraph at lines 290--294
\TU/Cambria(0)/m/n/10.95 Available at: [][]$[][][][][] [] [] [] [][][] [] [][][
][][][][][][][][][][][] [] [][][] [] [][][][][][][][][][][][][][][][][] []
 []


Underfull \hbox (badness 10000) in paragraph at lines 314--325
\TU/Cambria(0)/m/n/10.95 Available at: [][]$[][][][][] [] [] [] [][][][] [] [][
][][][][][] [] [][][] [] [][][][][] [] [][][][][][][] [] [][][][][] [] [][][][]
[][][][][][][] []
 []


Overfull \hbox (195.32362pt too wide) in paragraph at lines 327--331
\TU/Cambria(0)/m/n/10.95 Available at: [][]$[][][][][] [] [] [] [][][][][][][][
] [] [][][] [] [][][][] [] [][][][][][][][][][][][][][][][][][][][][][][][][][]
[][][][][][][][][][][][][][][][][][][][][][][][][][][][][][][][][][][][][][][][
][][][][][][][][][][][][][][][][]$[][] 
 []


Overfull \hbox (195.32362pt too wide) in paragraph at lines 333--337
\TU/Cambria(0)/m/n/10.95 Available at: [][]$[][][][][] [] [] [] [][][][][][][][
] [] [][][] [] [][][][] [] [][][][][][][][][][][][][][][][][][][][][][][][][][]
[][][][][][][][][][][][][][][][][][][][][][][][][][][][][][][][][][][][][][][][
][][][][][][][][][][][][][][][][]$[][] 
 []

)

Package natbib Warning: There were undefined citations.



[80] (template-stb-report-eng.aux (chaps-front/chap-plagiarism.aux)
(chaps-front/chap-AI-use-2024.aux) (chaps-front/chap-summary.aux)
(chaps-front/chap-acknowledge.aux) (chaps-front/chap-ecsa.aux)
(chaps-front/chap-symbols.aux) (chaps-main/chap-intro.aux)
(chaps-main/chap-literature.aux) (chaps-main/chap-concept.aux)
(chaps-main/chap-Detailed_design.aux) (chaps-main/chap-integration.aux)
(chaps-main/chap-Design_Evaluation.aux
! Missing \endcsname inserted.
<to be read again> 
                   \protect 
l.53 ...bscript {2} Profile}{figure.caption.81}{}}
                                                  
The control sequence marked <to be read again> should
not appear between \csname and \endcsname.

) (chaps-main/chap-conclusion.aux))
 ***********
LaTeX2e <2024-11-01> patch level 2
L3 programming layer <2025-01-18>
 ***********


LaTeX Warning: There were multiply-defined labels.

Package rerunfilecheck Info: File `template-stb-report-eng.out' has not changed
.
(rerunfilecheck)             Checksum: 2E18D052A1FA7450442F3E8C83FABC69;17771.
 ) 
Here is how much of TeX's memory you used:
 28078 strings out of 408640
 583274 string characters out of 5744798
 1168169 words of memory out of 5000000
 50566 multiletter control sequences out of 15000+600000
 564446 words of font info for 145 fonts, out of 8000000 for 9000
 1348 hyphenation exceptions out of 8191
 95i,18n,115p,1324b,1208s stack positions out of 10000i,1000n,20000p,200000b,200000s

Output written on template-stb-report-eng.pdf (94 pages).
