\BOOKMARK [0][-]{chapter*.8}{\376\377\000L\000i\000s\000t\000\040\000o\000f\000\040\000f\000i\000g\000u\000r\000e\000s}{}% 1
\BOOKMARK [0][-]{chapter*.9}{\376\377\000L\000i\000s\000t\000\040\000o\000f\000\040\000t\000a\000b\000l\000e\000s}{}% 2
\BOOKMARK [0][-]{chapter*.10}{\376\377\000L\000i\000s\000t\000\040\000o\000f\000\040\000s\000y\000m\000b\000o\000l\000s}{}% 3
\BOOKMARK [0][-]{chapter.1}{\376\377\000I\000n\000t\000r\000o\000d\000u\000c\000t\000i\000o\000n}{}% 4
\BOOKMARK [1][-]{section.1.1}{\376\377\000B\000a\000c\000k\000g\000r\000o\000u\000n\000d}{chapter.1}% 5
\BOOKMARK [1][-]{section.1.2}{\376\377\000O\000b\000j\000e\000c\000t\000i\000v\000e\000s}{chapter.1}% 6
\BOOKMARK [1][-]{section.1.3}{\376\377\000M\000o\000t\000i\000v\000a\000t\000i\000o\000n}{chapter.1}% 7
\BOOKMARK [1][-]{section.1.4}{\376\377\000M\000e\000t\000h\000o\000d\000o\000l\000o\000g\000y}{chapter.1}% 8
\BOOKMARK [1][-]{section.1.5}{\376\377\000U\000s\000e\000\040\000o\000f\000\040\000A\000I\000\040\000T\000o\000o\000l\000s}{chapter.1}% 9
\BOOKMARK [0][-]{chapter.2}{\376\377\000L\000i\000t\000e\000r\000a\000t\000u\000r\000e\000\040\000r\000e\000v\000i\000e\000w\000\040\000a\000n\000d\000\040\000m\000a\000r\000k\000e\000t\000\040\000r\000e\000s\000e\000a\000r\000c\000h}{}% 10
\BOOKMARK [1][-]{section.2.1}{\376\377\000E\000n\000v\000i\000r\000o\000n\000m\000e\000n\000t\000a\000l\000\040\000R\000e\000q\000u\000i\000r\000e\000m\000e\000n\000t\000s\000\040\000f\000o\000r\000\040\000O\000p\000t\000i\000m\000a\000l\000\040\000P\000l\000a\000n\000t\000\040\000G\000r\000o\000w\000t\000h\000\040}{chapter.2}% 11
\BOOKMARK [2][-]{subsection.2.1.1}{\376\377\000T\000e\000m\000p\000e\000r\000a\000t\000u\000r\000e}{section.2.1}% 12
\BOOKMARK [2][-]{subsection.2.1.2}{\376\377\000L\000i\000g\000h\000t}{section.2.1}% 13
\BOOKMARK [2][-]{subsection.2.1.3}{\376\377\000H\000u\000m\000i\000d\000i\000t\000y}{section.2.1}% 14
\BOOKMARK [2][-]{subsection.2.1.4}{\376\377\000C\000a\000r\000b\000o\000n\000\040\000D\000i\000o\000x\000i\000d\000e}{section.2.1}% 15
\BOOKMARK [2][-]{subsection.2.1.5}{\376\377\000W\000a\000t\000e\000r}{section.2.1}% 16
\BOOKMARK [1][-]{section.2.2}{\376\377\000S\000t\000r\000u\000c\000t\000u\000r\000a\000l\000\040\000D\000e\000s\000i\000g\000n\000\040\000S\000t\000a\000n\000d\000a\000r\000d\000s}{chapter.2}% 17
\BOOKMARK [2][-]{subsection.2.2.1}{\376\377\000A\000c\000h\000i\000t\000e\000c\000t\000u\000r\000e\000\040\000o\000f\000\040\000a\000\040\000g\000r\000e\000e\000n\000h\000o\000u\000s\000e}{section.2.2}% 18
\BOOKMARK [2][-]{subsection.2.2.2}{\376\377\000S\000a\000w\000t\000o\000o\000t\000h\000\040\000D\000e\000s\000i\000g\000n}{section.2.2}% 19
\BOOKMARK [2][-]{subsection.2.2.3}{\376\377\000C\000o\000n\000s\000t\000r\000u\000c\000t\000i\000o\000n\000\040\000t\000e\000c\000h\000n\000i\000q\000u\000e\000s}{section.2.2}% 20
\BOOKMARK [2][-]{subsection.2.2.4}{\376\377\000C\000o\000v\000e\000r\000i\000n\000g\000\040\000m\000a\000t\000e\000r\000i\000a\000l\000s}{section.2.2}% 21
\BOOKMARK [1][-]{section.2.3}{\376\377\000E\000n\000v\000i\000r\000o\000m\000e\000n\000t\000a\000l\000\040\000c\000o\000n\000t\000r\000o\000l}{chapter.2}% 22
\BOOKMARK [2][-]{subsection.2.3.1}{\376\377\000I\000r\000r\000i\000g\000a\000t\000i\000o\000n\000\040\000S\000y\000s\000t\000e\000m\000s}{section.2.3}% 23
\BOOKMARK [2][-]{subsection.2.3.2}{\376\377\000H\000e\000a\000t\000i\000n\000g\000\040\000a\000n\000d\000\040\000C\000o\000o\000l\000i\000n\000g\000\040\000S\000y\000s\000t\000e\000m\000s}{section.2.3}% 24
\BOOKMARK [2][-]{subsection.2.3.3}{\376\377\000H\000u\000m\000i\000d\000i\000t\000y\000\040\000C\000o\000n\000t\000r\000o\000l}{section.2.3}% 25
\BOOKMARK [2][-]{subsection.2.3.4}{\376\377\000A\000i\000r\000f\000l\000o\000w}{section.2.3}% 26
\BOOKMARK [2][-]{subsection.2.3.5}{\376\377\000A\000u\000t\000o\000m\000a\000t\000i\000o\000n\000\040\000a\000n\000d\000\040\000E\000n\000v\000i\000r\000o\000n\000m\000e\000n\000t\000a\000l\000\040\000C\000o\000n\000t\000r\000o\000l}{section.2.3}% 27
\BOOKMARK [1][-]{section.2.4}{\376\377\000E\000n\000e\000r\000g\000y\000\040\000E\000f\000f\000i\000c\000i\000e\000n\000c\000y\000\040\000\046\000\040\000S\000u\000s\000t\000a\000i\000n\000a\000b\000i\000l\000i\000t\000y}{chapter.2}% 28
\BOOKMARK [2][-]{subsection.2.4.1}{\376\377\000K\000e\000y\000\040\000R\000e\000q\000u\000i\000r\000e\000m\000e\000n\000t\000s\000\040\000f\000o\000r\000\040\000S\000o\000l\000a\000r\000\040\000S\000y\000s\000t\000e\000m}{section.2.4}% 29
\BOOKMARK [0][-]{chapter.3}{\376\377\000C\000o\000n\000c\000e\000p\000t\000\040\000D\000e\000s\000i\000g\000n}{}% 30
\BOOKMARK [1][-]{section.3.1}{\376\377\000P\000r\000o\000b\000l\000e\000m\000\040\000D\000e\000f\000i\000n\000i\000t\000i\000o\000n}{chapter.3}% 31
\BOOKMARK [1][-]{section.3.2}{\376\377\000S\000t\000a\000k\000e\000h\000o\000l\000d\000e\000r\000\040\000R\000e\000q\000u\000i\000r\000e\000m\000e\000n\000t\000s}{chapter.3}% 32
\BOOKMARK [1][-]{section.3.3}{\376\377\000E\000n\000g\000i\000n\000e\000e\000r\000i\000n\000g\000\040\000R\000e\000q\000u\000i\000r\000e\000m\000e\000n\000t\000s}{chapter.3}% 33
\BOOKMARK [1][-]{section.3.4}{\376\377\000F\000u\000n\000c\000t\000i\000o\000n\000a\000l\000\040\000D\000e\000c\000o\000m\000p\000o\000s\000i\000t\000i\000o\000n}{chapter.3}% 34
\BOOKMARK [1][-]{section.3.5}{\376\377\000C\000o\000n\000c\000e\000p\000t\000\040\000D\000e\000v\000e\000l\000o\000p\000e\000m\000e\000n\000t}{chapter.3}% 35
\BOOKMARK [1][-]{section.3.6}{\376\377\000C\000o\000n\000c\000e\000p\000t\000\040\000E\000v\000a\000l\000u\000a\000t\000i\000o\000n}{chapter.3}% 36
\BOOKMARK [2][-]{subsection.3.6.1}{\376\377\000S\000t\000r\000u\000c\000t\000u\000r\000e}{section.3.6}% 37
\BOOKMARK [2][-]{subsection.3.6.2}{\376\377\000C\000o\000v\000e\000r\000i\000n\000g\000\040\000M\000a\000t\000e\000r\000i\000a\000l}{section.3.6}% 38
\BOOKMARK [2][-]{subsection.3.6.3}{\376\377\000A\000c\000t\000i\000v\000e\000\040\000H\000e\000a\000t\000i\000n\000g}{section.3.6}% 39
\BOOKMARK [2][-]{subsection.3.6.4}{\376\377\000A\000c\000t\000i\000v\000e\000\040\000C\000o\000o\000l\000i\000n\000g}{section.3.6}% 40
\BOOKMARK [2][-]{subsection.3.6.5}{\376\377\000I\000r\000r\000i\000g\000a\000t\000i\000o\000n}{section.3.6}% 41
\BOOKMARK [2][-]{subsection.3.6.6}{\376\377\000C\000o\000n\000t\000r\000o\000l\000l\000e\000r\000\040\000S\000e\000l\000e\000c\000t\000i\000o\000n}{section.3.6}% 42
\BOOKMARK [1][-]{section.3.7}{\376\377\000P\000h\000y\000s\000i\000c\000a\000l\000\040\000D\000e\000c\000o\000m\000p\000o\000s\000i\000t\000i\000o\000n}{chapter.3}% 43
\BOOKMARK [0][-]{chapter.4}{\376\377\000D\000e\000t\000a\000i\000l\000e\000d\000\040\000D\000e\000s\000i\000g\000n}{}% 44
\BOOKMARK [1][-]{section.4.1}{\376\377\000S\000t\000r\000u\000c\000t\000u\000r\000e}{chapter.4}% 45
\BOOKMARK [2][-]{subsection.4.1.1}{\376\377\000F\000r\000a\000m\000e}{section.4.1}% 46
\BOOKMARK [2][-]{subsection.4.1.2}{\376\377\000C\000o\000v\000e\000r\000i\000n\000g\000\040\000m\000a\000t\000e\000r\000i\000a\000l}{section.4.1}% 47
\BOOKMARK [1][-]{section.4.2}{\376\377\000I\000n\000t\000a\000k\000e\000\040\000a\000n\000d\000\040\000H\000A\000F\000\040\000f\000a\000n\000s}{chapter.4}% 48
\BOOKMARK [2][-]{subsection.4.2.1}{\376\377\000H\000A\000F\000\040\000R\000e\000q\000u\000i\000r\000e\000m\000e\000n\000t\000s}{section.4.2}% 49
\BOOKMARK [1][-]{section.4.3}{\376\377\000V\000e\000n\000t\000i\000l\000a\000t\000i\000o\000n}{chapter.4}% 50
\BOOKMARK [2][-]{subsection.4.3.1}{\376\377\000N\000a\000t\000u\000r\000a\000l\000\040\000V\000e\000n\000t\000i\000l\000a\000t\000i\000o\000n}{section.4.3}% 51
\BOOKMARK [2][-]{subsection.4.3.2}{\376\377\000F\000o\000r\000c\000e\000d\000\040\000V\000e\000n\000t\000i\000l\000a\000t\000i\000o\000n}{section.4.3}% 52
\BOOKMARK [1][-]{section.4.4}{\376\377\000M\000i\000s\000t\000i\000n\000g\000\040\000S\000y\000s\000t\000e\000m}{chapter.4}% 53
\BOOKMARK [1][-]{section.4.5}{\376\377\000A\000c\000t\000i\000v\000e\000\040\000H\000e\000a\000t\000i\000n\000g\000\040\000S\000y\000s\000t\000e\000m}{chapter.4}% 54
\BOOKMARK [1][-]{section.4.6}{\376\377\000C\000o\000n\000t\000r\000o\000l\000\040\000C\000e\000n\000t\000e\000r\000\040\000D\000e\000s\000i\000g\000n}{chapter.4}% 55
\BOOKMARK [2][-]{subsection.4.6.1}{\376\377\000E\000l\000e\000c\000t\000r\000i\000c\000a\000l\000\040\000C\000o\000m\000p\000o\000n\000e\000n\000t\000\040\000H\000o\000u\000s\000i\000n\000g}{section.4.6}% 56
\BOOKMARK [2][-]{subsection.4.6.2}{\376\377\000V\000e\000n\000t\000i\000l\000a\000t\000i\000o\000n\000\040\000S\000y\000s\000t\000e\000m}{section.4.6}% 57
\BOOKMARK [2][-]{subsection.4.6.3}{\376\377\000A\000c\000c\000e\000s\000s\000\040\000P\000a\000n\000e\000l}{section.4.6}% 58
\BOOKMARK [1][-]{section.4.7}{\376\377\000E\000n\000v\000i\000r\000o\000n\000m\000e\000n\000t\000a\000l\000\040\000M\000o\000n\000i\000t\000o\000r\000i\000n\000g}{chapter.4}% 59
\BOOKMARK [2][-]{subsection.4.7.1}{\376\377\000C\000o\000n\000t\000r\000o\000l\000l\000e\000r}{section.4.7}% 60
\BOOKMARK [2][-]{subsection.4.7.2}{\376\377\000S\000e\000n\000s\000o\000r\000s}{section.4.7}% 61
\BOOKMARK [2][-]{subsection.4.7.3}{\376\377\000D\000a\000t\000a\000\040\000A\000c\000q\000u\000i\000s\000i\000t\000i\000o\000n\000\040\000a\000n\000d\000\040\000M\000o\000n\000i\000t\000o\000r\000i\000n\000g}{section.4.7}% 62
\BOOKMARK [1][-]{section.4.8}{\376\377\000P\000o\000w\000e\000r\000\040\000S\000u\000p\000p\000l\000y}{chapter.4}% 63
\BOOKMARK [2][-]{subsection.4.8.1}{\376\377\000S\000t\000e\000p\000-\000d\000o\000w\000n\000\040\000B\000u\000c\000k\000\040\000C\000o\000n\000v\000e\000r\000t\000e\000r}{section.4.8}% 64
\BOOKMARK [2][-]{subsection.4.8.2}{\376\377\000B\000a\000t\000t\000e\000r\000y\000\040\000C\000a\000p\000a\000c\000i\000t\000y}{section.4.8}% 65
\BOOKMARK [2][-]{subsection.4.8.3}{\376\377\000S\000o\000l\000a\000r\000\040\000S\000y\000s\000t\000e\000m}{section.4.8}% 66
\BOOKMARK [2][-]{subsection.4.8.4}{\376\377\000P\000r\000o\000v\000i\000d\000e\000d\000\040\000E\000q\000u\000i\000p\000m\000e\000n\000t}{section.4.8}% 67
\BOOKMARK [1][-]{section.4.9}{\376\377\000R\000e\000l\000a\000y\000s}{chapter.4}% 68
\BOOKMARK [1][-]{section.4.10}{\376\377\000L\000i\000n\000e\000a\000r\000\040\000a\000c\000t\000u\000a\000t\000o\000r\000\040\000a\000n\000d\000\040\000H\000-\000B\000r\000i\000d\000g\000e}{chapter.4}% 69
\BOOKMARK [0][-]{chapter.5}{\376\377\000S\000y\000s\000t\000e\000m\000\040\000I\000n\000t\000e\000g\000r\000a\000t\000i\000o\000n}{}% 70
\BOOKMARK [1][-]{section.5.1}{\376\377\000W\000i\000r\000i\000n\000g}{chapter.5}% 71
\BOOKMARK [1][-]{section.5.2}{\376\377\000S\000o\000f\000t\000w\000a\000r\000e\000\040\000F\000r\000a\000m\000e\000w\000o\000r\000k\000\040\000a\000n\000d\000\040\000C\000o\000n\000t\000r\000o\000l\000\040\000L\000o\000g\000i\000c}{chapter.5}% 72
\BOOKMARK [0][-]{chapter.6}{\376\377\000D\000e\000s\000i\000g\000n\000\040\000E\000v\000a\000l\000u\000a\000t\000i\000o\000n}{}% 73
\BOOKMARK [1][-]{section.6.1}{\376\377\000S\000e\000n\000s\000o\000r\000\040\000V\000a\000l\000i\000d\000a\000t\000i\000o\000n}{chapter.6}% 74
\BOOKMARK [2][-]{subsection.6.1.1}{\376\377\000T\000e\000m\000p\000e\000r\000a\000t\000u\000r\000e\000\040\000a\000n\000d\000\040\000H\000u\000m\000i\000d\000i\000t\000y\000\040\000S\000e\000n\000s\000o\000r\000\040\000\050\000D\000H\000T\0002\0002\000\051}{section.6.1}% 75
\BOOKMARK [2][-]{subsection.6.1.2}{\376\377\000S\000u\000m\000m\000a\000r\000y\000\040\000o\000f\000\040\000A\000d\000d\000i\000t\000i\000o\000n\000a\000l\000\040\000S\000e\000n\000s\000o\000r\000\040\000T\000e\000s\000t\000s}{section.6.1}% 76
\BOOKMARK [1][-]{section.6.2}{\376\377\000A\000c\000t\000u\000a\000t\000o\000r\000\040\000V\000a\000l\000i\000d\000a\000t\000i\000o\000n\000\040}{chapter.6}% 77
\BOOKMARK [1][-]{section.6.3}{\376\377\000R\000e\000m\000o\000t\000e\000\040\000m\000o\000n\000i\000t\000o\000r\000i\000n\000g}{chapter.6}% 78
\BOOKMARK [2][-]{subsection.6.3.1}{\376\377\000O\000b\000j\000e\000c\000t\000i\000v\000e}{section.6.3}% 79
\BOOKMARK [2][-]{subsection.6.3.2}{\376\377\000M\000e\000t\000h\000o\000d\000o\000l\000o\000g\000y}{section.6.3}% 80
\BOOKMARK [2][-]{subsection.6.3.3}{\376\377\000R\000e\000s\000u\000l\000t\000s}{section.6.3}% 81
\BOOKMARK [2][-]{subsection.6.3.4}{\376\377\000D\000i\000s\000c\000u\000s\000s\000i\000o\000n}{section.6.3}% 82
\BOOKMARK [1][-]{section.6.4}{\376\377\000S\000o\000l\000a\000r\000\040\000P\000o\000w\000e\000r\000\040\000T\000e\000s\000t}{chapter.6}% 83
\BOOKMARK [1][-]{section.6.5}{\376\377\000G\000r\000e\000e\000n\000h\000o\000u\000s\000e\000\040\000S\000e\000t\000u\000p}{chapter.6}% 84
\BOOKMARK [1][-]{section.6.6}{\376\377\000E\000n\000v\000i\000r\000o\000m\000e\000n\000t\000a\000l\000\040\000R\000e\000s\000p\000o\000n\000s\000e}{chapter.6}% 85
\BOOKMARK [2][-]{subsection.6.6.1}{\376\377\000\040\000D\000u\000a\000l\000\040\000P\000h\000a\000s\000e\000\040\000T\000e\000s\000t}{section.6.6}% 86
\BOOKMARK [2][-]{subsection.6.6.2}{\376\377\000\040\000C\000O\0002\000\040\000a\000n\000d\000\040\000L\000u\000x\000\040\000O\000b\000s\000e\000r\000v\000a\000t\000i\000o\000n}{section.6.6}% 87
\BOOKMARK [1][-]{section.6.7}{\376\377\000E\000v\000a\000l\000u\000a\000t\000i\000o\000n\000\040\000U\000s\000i\000n\000g\000\040\000P\000e\000r\000f\000o\000r\000m\000a\000n\000c\000e\000\040\000R\000e\000q\000u\000i\000r\000e\000m\000e\000n\000t\000s}{chapter.6}% 88
\BOOKMARK [1][-]{section.6.8}{\376\377\000F\000u\000l\000l\000\040\000s\000y\000s\000t\000e\000m\000\040\000T\000e\000s\000t\000\040\000w\000i\000t\000h\000\040\000P\000l\000a\000n\000t\000s\000\040\000G\000r\000o\000w\000t\000h}{chapter.6}% 89
\BOOKMARK [0][-]{chapter.7}{\376\377\000C\000o\000n\000c\000l\000u\000s\000i\000o\000n\000s}{}% 90
\BOOKMARK [0][-]{appendix.1.A}{\376\377\000A\000p\000p\000e\000n\000d\000i\000x\000\040\000C\000o\000n\000c\000e\000p\000t\000\040\000E\000v\000a\000l\000u\000a\000t\000i\000o\000n}{}% 91
\BOOKMARK [1][-]{section.1.A.1}{\376\377\000S\000t\000r\000u\000c\000t\000u\000r\000e}{appendix.1.A}% 92
\BOOKMARK [1][-]{section.1.A.2}{\376\377\000C\000o\000v\000e\000r\000i\000n\000g\000\040\000M\000a\000t\000e\000r\000i\000a\000l}{appendix.1.A}% 93
\BOOKMARK [1][-]{section.1.A.3}{\376\377\000A\000c\000t\000i\000v\000e\000\040\000H\000e\000a\000t\000i\000n\000g}{appendix.1.A}% 94
\BOOKMARK [1][-]{section.1.A.4}{\376\377\000A\000c\000t\000i\000v\000e\000\040\000C\000o\000o\000l\000i\000n\000g}{appendix.1.A}% 95
\BOOKMARK [1][-]{section.1.A.5}{\376\377\000I\000r\000r\000i\000g\000a\000t\000i\000o\000n}{appendix.1.A}% 96
\BOOKMARK [1][-]{section.1.A.6}{\376\377\000C\000o\000n\000t\000r\000o\000l\000l\000e\000r\000\040\000S\000e\000l\000e\000c\000t\000i\000o\000n}{appendix.1.A}% 97
\BOOKMARK [0][-]{appendix.1.B}{\376\377\000A\000p\000p\000e\000n\000d\000i\000x\000\040\000S\000a\000m\000p\000l\000e\000\040\000S\000o\000f\000t\000w\000a\000r\000e\000\040\000C\000o\000n\000t\000r\000o\000l\000\040\000A\000l\000g\000o\000r\000i\000t\000h\000m\000s}{}% 98
\BOOKMARK [1][-]{section.1.B.1}{\376\377\000T\000e\000m\000p\000e\000r\000a\000t\000u\000r\000e\000\040\000C\000o\000n\000t\000r\000o\000l\000\040\000S\000y\000s\000t\000e\000m}{appendix.1.B}% 99
\BOOKMARK [1][-]{section.1.B.2}{\376\377\000A\000i\000r\000f\000l\000o\000w\000\040\000C\000o\000n\000t\000r\000o\000l\000\040\000S\000y\000s\000t\000e\000m}{appendix.1.B}% 100
\BOOKMARK [1][-]{section.1.B.3}{\376\377\000I\000r\000r\000i\000g\000a\000t\000i\000o\000n\000\040\000C\000o\000n\000t\000r\000o\000l\000\040\000S\000y\000s\000t\000e\000m}{appendix.1.B}% 101
\BOOKMARK [1][-]{section.1.B.4}{\376\377\000L\000i\000g\000h\000t\000\040\000C\000o\000n\000t\000r\000o\000l\000\040\000S\000y\000s\000t\000e\000m}{appendix.1.B}% 102
\BOOKMARK [0][-]{appendix.1.C}{\376\377\000A\000p\000p\000e\000n\000d\000i\000x\000\040\000T\000e\000c\000h\000n\000o\000-\000e\000c\000o\000n\000o\000m\000i\000c\000\040\000A\000n\000a\000l\000y\000s\000i\000s}{}% 103
\BOOKMARK [1][-]{section.1.C.1}{\376\377\000B\000u\000d\000g\000e\000t}{appendix.1.C}% 104
\BOOKMARK [1][-]{section.1.C.2}{\376\377\000P\000l\000a\000n\000n\000i\000n\000g\000\040\000a\000n\000d\000\040\000T\000i\000m\000e\000\040\000M\000a\000n\000a\000g\000e\000m\000e\000n\000t}{appendix.1.C}% 105
\BOOKMARK [1][-]{section.1.C.3}{\376\377\000T\000e\000c\000h\000n\000i\000c\000a\000l\000\040\000I\000m\000p\000a\000c\000t}{appendix.1.C}% 106
\BOOKMARK [1][-]{section.1.C.4}{\376\377\000R\000e\000t\000u\000r\000n\000\040\000o\000n\000\040\000I\000n\000v\000e\000s\000t\000e\000m\000e\000n\000t}{appendix.1.C}% 107
\BOOKMARK [1][-]{section.1.C.5}{\376\377\000P\000o\000t\000e\000n\000t\000i\000a\000l\000\040\000f\000o\000r\000\040\000C\000o\000m\000m\000e\000r\000c\000i\000a\000l\000i\000z\000a\000t\000i\000o\000n}{appendix.1.C}% 108
\BOOKMARK [0][-]{appendix.1.D}{\376\377\000A\000p\000p\000e\000n\000d\000i\000x\000\040\000S\000a\000f\000e\000t\000y\000\040\000a\000n\000d\000\040\000M\000i\000t\000i\000g\000a\000t\000i\000o\000n\000\040\000P\000r\000o\000c\000e\000d\000u\000r\000e\000s}{}% 109
\BOOKMARK [1][-]{section.1.D.1}{\376\377\000S\000a\000f\000e\000t\000y}{appendix.1.D}% 110
\BOOKMARK [2][-]{subsection.1.D.1.1}{\376\377\000T\000y\000p\000e\000\040\000o\000f\000\040\000W\000o\000r\000k\000\040\000I\000n\000v\000o\000l\000v\000e\000d}{section.1.D.1}% 111
\BOOKMARK [2][-]{subsection.1.D.1.2}{\376\377\000G\000e\000n\000e\000r\000a\000l\000\040\000L\000a\000b\000\040\000a\000n\000d\000\040\000R\000o\000o\000f\000t\000o\000p\000\040\000S\000a\000f\000e\000t\000y}{section.1.D.1}% 112
\BOOKMARK [2][-]{subsection.1.D.1.3}{\376\377\000E\000l\000e\000c\000t\000r\000i\000c\000a\000l\000\040\000S\000a\000f\000e\000t\000y}{section.1.D.1}% 113
\BOOKMARK [2][-]{subsection.1.D.1.4}{\376\377\000W\000a\000t\000e\000r\000\040\000U\000s\000a\000g\000e\000\040\000a\000n\000d\000\040\000S\000a\000f\000e\000t\000y}{section.1.D.1}% 114
\BOOKMARK [2][-]{subsection.1.D.1.5}{\376\377\000H\000o\000u\000s\000e\000k\000e\000e\000p\000i\000n\000g\000\040\000a\000n\000d\000\040\000S\000h\000u\000t\000d\000o\000w\000n}{section.1.D.1}% 115
\BOOKMARK [2][-]{subsection.1.D.1.6}{\376\377\000W\000o\000r\000k\000i\000n\000g\000\040\000a\000t\000\040\000H\000e\000i\000g\000h\000t\000s}{section.1.D.1}% 116
\BOOKMARK [1][-]{section.1.D.2}{\376\377\000R\000i\000s\000k\000\040\000A\000n\000a\000l\000y\000s\000i\000s\000\040\000a\000n\000d\000\040\000M\000i\000t\000i\000g\000a\000t\000i\000o\000n\000\040\000P\000r\000o\000c\000e\000d\000u\000r\000e\000s}{appendix.1.D}% 117
\BOOKMARK [0][-]{appendix.1.E}{\376\377\000A\000p\000p\000e\000n\000d\000i\000x\000\040\000A\000p\000p\000e\000n\000d\000i\000x\000\040\000E\000\040\000E\000n\000g\000i\000n\000e\000e\000r\000i\000n\000g\000\040\000D\000r\000a\000w\000i\000n\000g}{}% 118
\BOOKMARK [0][-]{appendix.1.F}{\376\377\000A\000p\000p\000e\000n\000d\000i\000x\000\040\000S\000a\000m\000p\000l\000e\000\040\000C\000a\000l\000c\000u\000l\000a\000t\000i\000o\000n\000s}{}% 119
\BOOKMARK [0][-]{appendix.1.G}{\376\377\000A\000p\000p\000e\000n\000d\000i\000x\000\040\000G\000r\000e\000e\000n\000h\000o\000u\000s\000e\000\040\000S\000e\000t\000u\000p\000\040\000I\000m\000a\000g\000e\000s}{}% 120
\BOOKMARK [0][-]{appendix.1.H}{\376\377\000A\000p\000p\000e\000n\000d\000i\000x\000\040\000R\000e\000s\000p\000o\000n\000s\000i\000b\000l\000e\000\040\000u\000s\000e\000\040\000o\000f\000\040\000r\000e\000s\000o\000u\000r\000c\000e\000s\000\040\000a\000n\000d\000\040\000a\000n\000\040\000e\000n\000d\000-\000o\000f\000-\000l\000i\000f\000e\000\040\000s\000t\000r\000a\000t\000e\000g\000y\000\040}{}% 121
\BOOKMARK [1][-]{section.1.H.1}{\376\377\000R\000e\000s\000o\000u\000r\000c\000e\000\040\000C\000o\000n\000s\000u\000m\000p\000t\000i\000o\000n\000\040\000O\000v\000e\000r\000v\000i\000e\000w}{appendix.1.H}% 122
\BOOKMARK [1][-]{section.1.H.2}{\376\377\000S\000t\000r\000a\000t\000e\000g\000i\000e\000s\000\040\000f\000o\000r\000\040\000R\000e\000s\000o\000u\000r\000c\000e\000\040\000C\000o\000n\000s\000e\000r\000v\000a\000t\000i\000o\000n\000\040\000a\000n\000d\000\040\000E\000n\000v\000i\000r\000o\000n\000m\000e\000n\000t\000a\000l\000\040\000I\000m\000p\000a\000c\000t\000\040\000R\000e\000d\000u\000c\000t\000i\000o\000n}{appendix.1.H}% 123
\BOOKMARK [1][-]{section.1.H.3}{\376\377\000E\000n\000d\000-\000o\000f\000-\000L\000i\000f\000e\000\040\000S\000t\000r\000a\000t\000e\000g\000i\000e\000s}{appendix.1.H}% 124
